d:\ntp-stable-dlh-260328\ports\winnt\vs2015\win32-tmp\debug\instsrv\instsrv.bsc
d:\ntp-stable-dlh-260328\ports\winnt\vs2015\win32-tmp\debug\instsrv\vc142.pdb
d:\ntp-stable-dlh-260328\ports\winnt\vs2015\win32-tmp\debug\instsrv\vc142.idb
d:\ntp-stable-dlh-260328\ports\winnt\vs2015\win32-tmp\debug\instsrv\instsrv.sbr
d:\ntp-stable-dlh-260328\ports\winnt\vs2015\win32-tmp\debug\instsrv\instsrv.obj
d:\ntp\ports\winnt\vs2015\win32-tmp\debug\instsrv\vc143.pdb
d:\ntp-stable-dlh-260328\ports\winnt\vs2015\win32-tmp\debug\instsrv\instsrv.ilk
d:\ntp-stable-dlh-260328\ports\winnt\vs2015\win32-out\debug\instsrv.exe
d:\ntp-stable-dlh-260328\ports\winnt\vs2015\win32-out\debug\instsrv.pdb
d:\ntp\ports\winnt\vs2015\win32-out\debug\instsrv.pdb
d:\ntp\ports\winnt\vs2015\win32-tmp\debug\instsrv\instsrv.obj
d:\ntp\ports\winnt\vs2015\win32-tmp\debug\instsrv\instsrv.ilk
d:\ntp\ports\winnt\vs2015\win32-tmp\debug\instsrv\vc142.idb
d:\ntp\ports\winnt\vs2015\win32-tmp\debug\instsrv\vc143.idb
d:\ntp\ports\winnt\vs2015\win32-tmp\debug\instsrv\vc142.pdb
d:\ntp\ports\winnt\vs2015\win32-tmp\debug\instsrv\instsrv.bsc
d:\ntp\ports\winnt\vs2015\win32-tmp\debug\instsrv\instsrv.sbr
d:\ntp\ports\winnt\vs2015\\win32-out\debug\instsrv.pdb
d:\ntp\ports\winnt\vs2015\win32-out\debug\instsrv.exe
d:\ntp\ports\winnt\vs2015\\win32-tmp\debug\instsrv\instsrv.vcxproj.filelistabsolute.txt
d:\ntp\ports\winnt\vs2015\win32-tmp\debug\instsrv\instsrv.tlog\bscmake.command.1.tlog
d:\ntp\ports\winnt\vs2015\win32-tmp\debug\instsrv\instsrv.tlog\bscmake.read.1.tlog
d:\ntp\ports\winnt\vs2015\win32-tmp\debug\instsrv\instsrv.tlog\bscmake.write.1.tlog
d:\ntp\ports\winnt\vs2015\win32-tmp\debug\instsrv\instsrv.tlog\cl.command.1.tlog
d:\ntp\ports\winnt\vs2015\win32-tmp\debug\instsrv\instsrv.tlog\cl.read.1.tlog
d:\ntp\ports\winnt\vs2015\win32-tmp\debug\instsrv\instsrv.tlog\cl.write.1.tlog
d:\ntp\ports\winnt\vs2015\win32-tmp\debug\instsrv\instsrv.tlog\link-cvtres.read.1.tlog
d:\ntp\ports\winnt\vs2015\win32-tmp\debug\instsrv\instsrv.tlog\link-cvtres.write.1.tlog
d:\ntp\ports\winnt\vs2015\win32-tmp\debug\instsrv\instsrv.tlog\link-rc.read.1.tlog
d:\ntp\ports\winnt\vs2015\win32-tmp\debug\instsrv\instsrv.tlog\link-rc.write.1.tlog
d:\ntp\ports\winnt\vs2015\win32-tmp\debug\instsrv\instsrv.tlog\link.command.1.tlog
d:\ntp\ports\winnt\vs2015\win32-tmp\debug\instsrv\instsrv.tlog\link.read.1.tlog
d:\ntp\ports\winnt\vs2015\win32-tmp\debug\instsrv\instsrv.tlog\link.write.1.tlog
