d:\ntp\ports\winnt\vs2015\x64-tmp\release\ntpq\ntpq.bsc
d:\ntp\ports\winnt\vs2015\x64-tmp\release\ntpq\vc143.pdb
d:\ntp\ports\winnt\vs2015\x64-tmp\release\ntpq\ntpq-opts.sbr
d:\ntp\ports\winnt\vs2015\x64-tmp\release\ntpq\ntpq-subs.sbr
d:\ntp\ports\winnt\vs2015\x64-tmp\release\ntpq\ntpq.sbr
d:\ntp\ports\winnt\vs2015\x64-tmp\release\ntpq\version.sbr
d:\ntp\ports\winnt\vs2015\x64-tmp\release\ntpq\version.obj
d:\ntp\ports\winnt\vs2015\x64-tmp\release\ntpq\ntpq.obj
d:\ntp\ports\winnt\vs2015\x64-tmp\release\ntpq\ntpq-subs.obj
d:\ntp\ports\winnt\vs2015\x64-tmp\release\ntpq\ntpq-opts.obj
d:\ntp\ports\winnt\vs2015\ntpq\version.c
d:\ntp\ports\winnt\vs2015\x64-out\release\ntpq.exe
d:\ntp\ports\winnt\vs2015\x64-out\release\ntpq.pdb
d:\ntp\ports\winnt\vs2015\x64-tmp\release\ntpq\ntpq.iobj
d:\ntp\ports\winnt\vs2015\x64-out\release\ntpq.lib
d:\ntp\ports\winnt\vs2015\x64-out\release\ntpq.exp
d:\ntp\ports\winnt\vs2015\x64-out\release\libcrypto-3-x64.dll
d:\ntp\ports\winnt\vs2015\\x64-out\release\ntpq.pdb
d:\ntp\ports\winnt\vs2015\\x64-tmp\release\ntpq\ntpq.vcxproj.filelistabsolute.txt
d:\ntp\ports\winnt\vs2015\x64-tmp\release\ntpq\ntpq.tlog\bscmake.command.1.tlog
d:\ntp\ports\winnt\vs2015\x64-tmp\release\ntpq\ntpq.tlog\bscmake.read.1.tlog
d:\ntp\ports\winnt\vs2015\x64-tmp\release\ntpq\ntpq.tlog\bscmake.write.1.tlog
d:\ntp\ports\winnt\vs2015\x64-tmp\release\ntpq\ntpq.tlog\cl.command.1.tlog
d:\ntp\ports\winnt\vs2015\x64-tmp\release\ntpq\ntpq.tlog\cl.read.1.tlog
d:\ntp\ports\winnt\vs2015\x64-tmp\release\ntpq\ntpq.tlog\cl.write.1.tlog
d:\ntp\ports\winnt\vs2015\x64-tmp\release\ntpq\ntpq.tlog\custombuild.command.1.tlog
d:\ntp\ports\winnt\vs2015\x64-tmp\release\ntpq\ntpq.tlog\custombuild.read.1.tlog
d:\ntp\ports\winnt\vs2015\x64-tmp\release\ntpq\ntpq.tlog\custombuild.write.1.tlog
d:\ntp\ports\winnt\vs2015\x64-tmp\release\ntpq\ntpq.tlog\link.command.1.tlog
d:\ntp\ports\winnt\vs2015\x64-tmp\release\ntpq\ntpq.tlog\link.read.1.tlog
d:\ntp\ports\winnt\vs2015\x64-tmp\release\ntpq\ntpq.tlog\link.write.1.tlog
d:\ntp\ports\winnt\vs2015\x64-tmp\release\ntpq\ntpq.tlog\ntpq.write.1u.tlog
