d:\ntp-stable-dlh-260328\ports\winnt\vs2015\x64-tmp\debug\ntpq\ntpq.bsc
d:\ntp-stable-dlh-260328\ports\winnt\vs2015\x64-tmp\debug\ntpq\vc143.pdb
d:\ntp-stable-dlh-260328\ports\winnt\vs2015\x64-tmp\debug\ntpq\vc143.idb
d:\ntp-stable-dlh-260328\ports\winnt\vs2015\x64-tmp\debug\ntpq\version.sbr
d:\ntp-stable-dlh-260328\ports\winnt\vs2015\x64-tmp\debug\ntpq\ntpq.sbr
d:\ntp-stable-dlh-260328\ports\winnt\vs2015\x64-tmp\debug\ntpq\ntpq-subs.sbr
d:\ntp-stable-dlh-260328\ports\winnt\vs2015\x64-tmp\debug\ntpq\ntpq-opts.sbr
d:\ntp-stable-dlh-260328\ports\winnt\vs2015\x64-tmp\debug\ntpq\ntpq-opts.obj
d:\ntp-stable-dlh-260328\ports\winnt\vs2015\x64-tmp\debug\ntpq\ntpq-subs.obj
d:\ntp-stable-dlh-260328\ports\winnt\vs2015\x64-tmp\debug\ntpq\ntpq.obj
d:\ntp-stable-dlh-260328\ports\winnt\vs2015\x64-tmp\debug\ntpq\version.obj
d:\ntp-stable-dlh-260328\ports\winnt\vs2015\ntpq\scm-rev
d:\ntp-stable-dlh-260328\ports\winnt\vs2015\ntpq\version.c
d:\ntp-stable-dlh-260328\ports\winnt\vs2015\x64-tmp\debug\ntpq\ntpq.ilk
d:\ntp-stable-dlh-260328\ports\winnt\vs2015\x64-out\debug\ntpq.exe
d:\ntp-stable-dlh-260328\ports\winnt\vs2015\x64-out\debug\ntpq.pdb
d:\ntp-stable-dlh-260328\ports\winnt\vs2015\x64-out\debug\ntpq.lib
d:\ntp-stable-dlh-260328\ports\winnt\vs2015\x64-out\debug\ntpq.exp
d:\ntp-stable-dlh-260328\ports\winnt\vs2015\x64-out\debug\libcrypto-3-x64.dll
d:\ntp-stable-dlh-260328\ports\winnt\vs2015\\x64-out\debug\ntpq.pdb
d:\ntp-stable-dlh-260328\ports\winnt\vs2015\\x64-tmp\debug\ntpq\ntpq.vcxproj.filelistabsolute.txt
d:\ntp-stable-dlh-260328\ports\winnt\vs2015\x64-tmp\debug\ntpq\ntpq.tlog\bscmake.command.1.tlog
d:\ntp-stable-dlh-260328\ports\winnt\vs2015\x64-tmp\debug\ntpq\ntpq.tlog\bscmake.read.1.tlog
d:\ntp-stable-dlh-260328\ports\winnt\vs2015\x64-tmp\debug\ntpq\ntpq.tlog\bscmake.write.1.tlog
d:\ntp-stable-dlh-260328\ports\winnt\vs2015\x64-tmp\debug\ntpq\ntpq.tlog\cl.command.1.tlog
d:\ntp-stable-dlh-260328\ports\winnt\vs2015\x64-tmp\debug\ntpq\ntpq.tlog\cl.read.1.tlog
d:\ntp-stable-dlh-260328\ports\winnt\vs2015\x64-tmp\debug\ntpq\ntpq.tlog\cl.write.1.tlog
d:\ntp-stable-dlh-260328\ports\winnt\vs2015\x64-tmp\debug\ntpq\ntpq.tlog\custombuild.command.1.tlog
d:\ntp-stable-dlh-260328\ports\winnt\vs2015\x64-tmp\debug\ntpq\ntpq.tlog\custombuild.read.1.tlog
d:\ntp-stable-dlh-260328\ports\winnt\vs2015\x64-tmp\debug\ntpq\ntpq.tlog\custombuild.write.1.tlog
d:\ntp-stable-dlh-260328\ports\winnt\vs2015\x64-tmp\debug\ntpq\ntpq.tlog\link.command.1.tlog
d:\ntp-stable-dlh-260328\ports\winnt\vs2015\x64-tmp\debug\ntpq\ntpq.tlog\link.read.1.tlog
d:\ntp-stable-dlh-260328\ports\winnt\vs2015\x64-tmp\debug\ntpq\ntpq.tlog\link.write.1.tlog
d:\ntp-stable-dlh-260328\ports\winnt\vs2015\x64-tmp\debug\ntpq\ntpq.tlog\ntpq.write.1u.tlog
