d:\ntp\ports\winnt\vs2015\x64-tmp\debug\ntpd\ntpd.bsc
d:\ntp\ports\winnt\vs2015\x64-tmp\debug\ntpd\vc143.pdb
d:\ntp\ports\winnt\vs2015\x64-tmp\debug\ntpd\vc143.idb
d:\ntp\ports\winnt\vs2015\x64-tmp\debug\ntpd\version.sbr
d:\ntp\ports\winnt\vs2015\x64-tmp\debug\ntpd\ntp_nts.sbr
d:\ntp\ports\winnt\vs2015\x64-tmp\debug\ntpd\nt_ppsimpl.sbr
d:\ntp\ports\winnt\vs2015\x64-tmp\debug\ntpd\nt_clockstuff.sbr
d:\ntp\ports\winnt\vs2015\x64-tmp\debug\ntpd\ntservice.sbr
d:\ntp\ports\winnt\vs2015\x64-tmp\debug\ntpd\ntp_iocpltypes.sbr
d:\ntp\ports\winnt\vs2015\x64-tmp\debug\ntpd\ntp_iocplmem.sbr
d:\ntp\ports\winnt\vs2015\x64-tmp\debug\ntpd\ntp_iocompletionport.sbr
d:\ntp\ports\winnt\vs2015\x64-tmp\debug\ntpd\hopf_pci_io.sbr
d:\ntp\ports\winnt\vs2015\x64-tmp\debug\ntpd\refclock_zyfer.sbr
d:\ntp\ports\winnt\vs2015\x64-tmp\debug\ntpd\refclock_wwvb.sbr
d:\ntp\ports\winnt\vs2015\x64-tmp\debug\ntpd\refclock_wwv.sbr
d:\ntp\ports\winnt\vs2015\x64-tmp\debug\ntpd\refclock_ulink.sbr
d:\ntp\ports\winnt\vs2015\x64-tmp\debug\ntpd\refclock_tt560.sbr
d:\ntp\ports\winnt\vs2015\x64-tmp\debug\ntpd\refclock_tsyncpci.sbr
d:\ntp\ports\winnt\vs2015\x64-tmp\debug\ntpd\refclock_true.sbr
d:\ntp\ports\winnt\vs2015\x64-tmp\debug\ntpd\refclock_tpro.sbr
d:\ntp\ports\winnt\vs2015\x64-tmp\debug\ntpd\refclock_shm.sbr
d:\ntp\ports\winnt\vs2015\x64-tmp\debug\ntpd\refclock_ripencc.sbr
d:\ntp\ports\winnt\vs2015\x64-tmp\debug\ntpd\refclock_pst.sbr
d:\ntp\ports\winnt\vs2015\x64-tmp\debug\ntpd\refclock_pst.obj
d:\ntp\ports\winnt\vs2015\x64-tmp\debug\ntpd\refclock_ripencc.obj
d:\ntp\ports\winnt\vs2015\x64-tmp\debug\ntpd\refclock_shm.obj
d:\ntp\ports\winnt\vs2015\x64-tmp\debug\ntpd\refclock_tpro.obj
d:\ntp\ports\winnt\vs2015\x64-tmp\debug\ntpd\refclock_true.obj
d:\ntp\ports\winnt\vs2015\x64-tmp\debug\ntpd\refclock_tsyncpci.obj
d:\ntp\ports\winnt\vs2015\x64-tmp\debug\ntpd\refclock_tt560.obj
d:\ntp\ports\winnt\vs2015\x64-tmp\debug\ntpd\refclock_ulink.obj
d:\ntp\ports\winnt\vs2015\x64-tmp\debug\ntpd\refclock_wwv.obj
d:\ntp\ports\winnt\vs2015\x64-tmp\debug\ntpd\refclock_wwvb.obj
d:\ntp\ports\winnt\vs2015\x64-tmp\debug\ntpd\refclock_zyfer.obj
d:\ntp\ports\winnt\vs2015\x64-tmp\debug\ntpd\hopf_pci_io.obj
d:\ntp\ports\winnt\vs2015\x64-tmp\debug\ntpd\ntp_iocompletionport.obj
d:\ntp\ports\winnt\vs2015\x64-tmp\debug\ntpd\ntp_iocplmem.obj
d:\ntp\ports\winnt\vs2015\x64-tmp\debug\ntpd\ntp_iocpltypes.obj
d:\ntp\ports\winnt\vs2015\x64-tmp\debug\ntpd\ntservice.obj
d:\ntp\ports\winnt\vs2015\x64-tmp\debug\ntpd\nt_clockstuff.obj
d:\ntp\ports\winnt\vs2015\x64-tmp\debug\ntpd\nt_ppsimpl.obj
d:\ntp\ports\winnt\vs2015\x64-tmp\debug\ntpd\ntp_nts.obj
d:\ntp\ports\winnt\vs2015\x64-tmp\debug\ntpd\version.obj
d:\ntp\ports\winnt\vs2015\x64-tmp\debug\ntpd\refclock_pcf.sbr
d:\ntp\ports\winnt\vs2015\x64-tmp\debug\ntpd\refclock_parse.sbr
d:\ntp\ports\winnt\vs2015\x64-tmp\debug\ntpd\refclock_palisade.sbr
d:\ntp\ports\winnt\vs2015\x64-tmp\debug\ntpd\refclock_oncore.sbr
d:\ntp\ports\winnt\vs2015\x64-tmp\debug\ntpd\refclock_nmea.sbr
d:\ntp\ports\winnt\vs2015\x64-tmp\debug\ntpd\refclock_neoclock4x.sbr
d:\ntp\ports\winnt\vs2015\x64-tmp\debug\ntpd\refclock_mx4200.sbr
d:\ntp\ports\winnt\vs2015\x64-tmp\debug\ntpd\refclock_msfees.sbr
d:\ntp\ports\winnt\vs2015\x64-tmp\debug\ntpd\refclock_local.sbr
d:\ntp\ports\winnt\vs2015\x64-tmp\debug\ntpd\refclock_leitch.sbr
d:\ntp\ports\winnt\vs2015\x64-tmp\debug\ntpd\refclock_jupiter.sbr
d:\ntp\ports\winnt\vs2015\x64-tmp\debug\ntpd\refclock_jjy.sbr
d:\ntp\ports\winnt\vs2015\x64-tmp\debug\ntpd\refclock_irig.sbr
d:\ntp\ports\winnt\vs2015\x64-tmp\debug\ntpd\refclock_hpgps.sbr
d:\ntp\ports\winnt\vs2015\x64-tmp\debug\ntpd\refclock_hopfser.sbr
d:\ntp\ports\winnt\vs2015\x64-tmp\debug\ntpd\refclock_hopfpci.sbr
d:\ntp\ports\winnt\vs2015\x64-tmp\debug\ntpd\refclock_heath.sbr
d:\ntp\ports\winnt\vs2015\x64-tmp\debug\ntpd\refclock_gpsvme.sbr
d:\ntp\ports\winnt\vs2015\x64-tmp\debug\ntpd\refclock_gpsdjson.sbr
d:\ntp\ports\winnt\vs2015\x64-tmp\debug\ntpd\refclock_fg.sbr
d:\ntp\ports\winnt\vs2015\x64-tmp\debug\ntpd\refclock_fg.obj
d:\ntp\ports\winnt\vs2015\x64-tmp\debug\ntpd\refclock_gpsdjson.obj
d:\ntp\ports\winnt\vs2015\x64-tmp\debug\ntpd\refclock_gpsvme.obj
d:\ntp\ports\winnt\vs2015\x64-tmp\debug\ntpd\refclock_heath.obj
d:\ntp\ports\winnt\vs2015\x64-tmp\debug\ntpd\refclock_hopfpci.obj
d:\ntp\ports\winnt\vs2015\x64-tmp\debug\ntpd\refclock_hopfser.obj
d:\ntp\ports\winnt\vs2015\x64-tmp\debug\ntpd\refclock_hpgps.obj
d:\ntp\ports\winnt\vs2015\x64-tmp\debug\ntpd\refclock_irig.obj
d:\ntp\ports\winnt\vs2015\x64-tmp\debug\ntpd\refclock_jjy.obj
d:\ntp\ports\winnt\vs2015\x64-tmp\debug\ntpd\refclock_jupiter.obj
d:\ntp\ports\winnt\vs2015\x64-tmp\debug\ntpd\refclock_leitch.obj
d:\ntp\ports\winnt\vs2015\x64-tmp\debug\ntpd\refclock_local.obj
d:\ntp\ports\winnt\vs2015\x64-tmp\debug\ntpd\refclock_msfees.obj
d:\ntp\ports\winnt\vs2015\x64-tmp\debug\ntpd\refclock_mx4200.obj
d:\ntp\ports\winnt\vs2015\x64-tmp\debug\ntpd\refclock_neoclock4x.obj
d:\ntp\ports\winnt\vs2015\x64-tmp\debug\ntpd\refclock_nmea.obj
d:\ntp\ports\winnt\vs2015\x64-tmp\debug\ntpd\refclock_oncore.obj
d:\ntp\ports\winnt\vs2015\x64-tmp\debug\ntpd\refclock_palisade.obj
d:\ntp\ports\winnt\vs2015\x64-tmp\debug\ntpd\refclock_parse.obj
d:\ntp\ports\winnt\vs2015\x64-tmp\debug\ntpd\refclock_pcf.obj
d:\ntp\ports\winnt\vs2015\x64-tmp\debug\ntpd\refclock_dumbclock.sbr
d:\ntp\ports\winnt\vs2015\x64-tmp\debug\ntpd\refclock_datum.sbr
d:\ntp\ports\winnt\vs2015\x64-tmp\debug\ntpd\refclock_conf.sbr
d:\ntp\ports\winnt\vs2015\x64-tmp\debug\ntpd\refclock_chu.sbr
d:\ntp\ports\winnt\vs2015\x64-tmp\debug\ntpd\refclock_chronolog.sbr
d:\ntp\ports\winnt\vs2015\x64-tmp\debug\ntpd\refclock_bancomm.sbr
d:\ntp\ports\winnt\vs2015\x64-tmp\debug\ntpd\refclock_atom.sbr
d:\ntp\ports\winnt\vs2015\x64-tmp\debug\ntpd\refclock_as2201.sbr
d:\ntp\ports\winnt\vs2015\x64-tmp\debug\ntpd\refclock_arbiter.sbr
d:\ntp\ports\winnt\vs2015\x64-tmp\debug\ntpd\refclock_acts.sbr
d:\ntp\ports\winnt\vs2015\x64-tmp\debug\ntpd\rc_cmdlength.sbr
d:\ntp\ports\winnt\vs2015\x64-tmp\debug\ntpd\ntp_util.sbr
d:\ntp\ports\winnt\vs2015\x64-tmp\debug\ntpd\ntp_timer.sbr
d:\ntp\ports\winnt\vs2015\x64-tmp\debug\ntpd\ntp_signd.sbr
d:\ntp\ports\winnt\vs2015\x64-tmp\debug\ntpd\ntp_scanner.sbr
d:\ntp\ports\winnt\vs2015\x64-tmp\debug\ntpd\ntp_restrict.sbr
d:\ntp\ports\winnt\vs2015\x64-tmp\debug\ntpd\ntp_request.sbr
d:\ntp\ports\winnt\vs2015\x64-tmp\debug\ntpd\ntp_refclock.sbr
d:\ntp\ports\winnt\vs2015\x64-tmp\debug\ntpd\ntp_proto.sbr
d:\ntp\ports\winnt\vs2015\x64-tmp\debug\ntpd\ntp_peer.sbr
d:\ntp\ports\winnt\vs2015\x64-tmp\debug\ntpd\ntp_peer.obj
d:\ntp\ports\winnt\vs2015\x64-tmp\debug\ntpd\ntp_proto.obj
d:\ntp\ports\winnt\vs2015\x64-tmp\debug\ntpd\ntp_refclock.obj
d:\ntp\ports\winnt\vs2015\x64-tmp\debug\ntpd\ntp_request.obj
d:\ntp\ports\winnt\vs2015\x64-tmp\debug\ntpd\ntp_restrict.obj
d:\ntp\ports\winnt\vs2015\x64-tmp\debug\ntpd\ntp_scanner.obj
d:\ntp\ports\winnt\vs2015\x64-tmp\debug\ntpd\ntp_signd.obj
d:\ntp\ports\winnt\vs2015\x64-tmp\debug\ntpd\ntp_timer.obj
d:\ntp\ports\winnt\vs2015\x64-tmp\debug\ntpd\ntp_util.obj
d:\ntp\ports\winnt\vs2015\x64-tmp\debug\ntpd\rc_cmdlength.obj
d:\ntp\ports\winnt\vs2015\x64-tmp\debug\ntpd\refclock_acts.obj
d:\ntp\ports\winnt\vs2015\x64-tmp\debug\ntpd\refclock_arbiter.obj
d:\ntp\ports\winnt\vs2015\x64-tmp\debug\ntpd\refclock_as2201.obj
d:\ntp\ports\winnt\vs2015\x64-tmp\debug\ntpd\refclock_atom.obj
d:\ntp\ports\winnt\vs2015\x64-tmp\debug\ntpd\refclock_bancomm.obj
d:\ntp\ports\winnt\vs2015\x64-tmp\debug\ntpd\refclock_chronolog.obj
d:\ntp\ports\winnt\vs2015\x64-tmp\debug\ntpd\refclock_chu.obj
d:\ntp\ports\winnt\vs2015\x64-tmp\debug\ntpd\refclock_conf.obj
d:\ntp\ports\winnt\vs2015\x64-tmp\debug\ntpd\refclock_datum.obj
d:\ntp\ports\winnt\vs2015\x64-tmp\debug\ntpd\refclock_dumbclock.obj
d:\ntp\ports\winnt\vs2015\x64-tmp\debug\ntpd\ntp_parser.sbr
d:\ntp\ports\winnt\vs2015\x64-tmp\debug\ntpd\ntp_monitor.sbr
d:\ntp\ports\winnt\vs2015\x64-tmp\debug\ntpd\ntp_loopfilter.sbr
d:\ntp\ports\winnt\vs2015\x64-tmp\debug\ntpd\ntp_leapsec.sbr
d:\ntp\ports\winnt\vs2015\x64-tmp\debug\ntpd\ntp_io.sbr
d:\ntp\ports\winnt\vs2015\x64-tmp\debug\ntpd\ntp_filegen.sbr
d:\ntp\ports\winnt\vs2015\x64-tmp\debug\ntpd\ntp_crypto.sbr
d:\ntp\ports\winnt\vs2015\x64-tmp\debug\ntpd\ntp_control.sbr
d:\ntp\ports\winnt\vs2015\x64-tmp\debug\ntpd\ntp_config.sbr
d:\ntp\ports\winnt\vs2015\x64-tmp\debug\ntpd\ntpsim.sbr
d:\ntp\ports\winnt\vs2015\x64-tmp\debug\ntpd\ntpd.sbr
d:\ntp\ports\winnt\vs2015\x64-tmp\debug\ntpd\ntpd-opts.sbr
d:\ntp\ports\winnt\vs2015\x64-tmp\debug\ntpd\cmd_args.sbr
d:\ntp\ports\winnt\vs2015\x64-tmp\debug\ntpd\ntp_ppsdev.sbr
d:\ntp\ports\winnt\vs2015\x64-tmp\debug\ntpd\ntp_clockdev.sbr
d:\ntp\ports\winnt\vs2015\x64-tmp\debug\ntpd\trim_info.sbr
d:\ntp\ports\winnt\vs2015\x64-tmp\debug\ntpd\parse_conf.sbr
d:\ntp\ports\winnt\vs2015\x64-tmp\debug\ntpd\parse.sbr
d:\ntp\ports\winnt\vs2015\x64-tmp\debug\ntpd\mfp_mul.sbr
d:\ntp\ports\winnt\vs2015\x64-tmp\debug\ntpd\info_trimble.sbr
d:\ntp\ports\winnt\vs2015\x64-tmp\debug\ntpd\info_trimble.obj
d:\ntp\ports\winnt\vs2015\x64-tmp\debug\ntpd\mfp_mul.obj
d:\ntp\ports\winnt\vs2015\x64-tmp\debug\ntpd\parse.obj
d:\ntp\ports\winnt\vs2015\x64-tmp\debug\ntpd\parse_conf.obj
d:\ntp\ports\winnt\vs2015\x64-tmp\debug\ntpd\trim_info.obj
d:\ntp\ports\winnt\vs2015\x64-tmp\debug\ntpd\ntp_clockdev.obj
d:\ntp\ports\winnt\vs2015\x64-tmp\debug\ntpd\ntp_ppsdev.obj
d:\ntp\ports\winnt\vs2015\x64-tmp\debug\ntpd\cmd_args.obj
d:\ntp\ports\winnt\vs2015\x64-tmp\debug\ntpd\ntpd-opts.obj
d:\ntp\ports\winnt\vs2015\x64-tmp\debug\ntpd\ntpd.obj
d:\ntp\ports\winnt\vs2015\x64-tmp\debug\ntpd\ntpsim.obj
d:\ntp\ports\winnt\vs2015\x64-tmp\debug\ntpd\ntp_config.obj
d:\ntp\ports\winnt\vs2015\x64-tmp\debug\ntpd\ntp_control.obj
d:\ntp\ports\winnt\vs2015\x64-tmp\debug\ntpd\ntp_crypto.obj
d:\ntp\ports\winnt\vs2015\x64-tmp\debug\ntpd\ntp_filegen.obj
d:\ntp\ports\winnt\vs2015\x64-tmp\debug\ntpd\ntp_io.obj
d:\ntp\ports\winnt\vs2015\x64-tmp\debug\ntpd\ntp_leapsec.obj
d:\ntp\ports\winnt\vs2015\x64-tmp\debug\ntpd\ntp_loopfilter.obj
d:\ntp\ports\winnt\vs2015\x64-tmp\debug\ntpd\ntp_monitor.obj
d:\ntp\ports\winnt\vs2015\x64-tmp\debug\ntpd\ntp_parser.obj
d:\ntp\ports\winnt\vs2015\x64-tmp\debug\ntpd\ieee754io.sbr
d:\ntp\ports\winnt\vs2015\x64-tmp\debug\ntpd\gpstolfp.sbr
d:\ntp\ports\winnt\vs2015\x64-tmp\debug\ntpd\data_mbg.sbr
d:\ntp\ports\winnt\vs2015\x64-tmp\debug\ntpd\clk_wharton.sbr
d:\ntp\ports\winnt\vs2015\x64-tmp\debug\ntpd\clk_varitext.sbr
d:\ntp\ports\winnt\vs2015\x64-tmp\debug\ntpd\clk_trimtsip.sbr
d:\ntp\ports\winnt\vs2015\x64-tmp\debug\ntpd\clk_trimtaip.sbr
d:\ntp\ports\winnt\vs2015\x64-tmp\debug\ntpd\clk_sel240x.sbr
d:\ntp\ports\winnt\vs2015\x64-tmp\debug\ntpd\clk_schmid.sbr
d:\ntp\ports\winnt\vs2015\x64-tmp\debug\ntpd\clk_rcc8000.sbr
d:\ntp\ports\winnt\vs2015\x64-tmp\debug\ntpd\clk_rawdcf.sbr
d:\ntp\ports\winnt\vs2015\x64-tmp\debug\ntpd\clk_meinberg.sbr
d:\ntp\ports\winnt\vs2015\x64-tmp\debug\ntpd\clk_hopf6021.sbr
d:\ntp\ports\winnt\vs2015\x64-tmp\debug\ntpd\clk_dcf7000.sbr
d:\ntp\ports\winnt\vs2015\x64-tmp\debug\ntpd\clk_computime.sbr
d:\ntp\ports\winnt\vs2015\x64-tmp\debug\ntpd\binio.sbr
d:\ntp\ports\winnt\vs2015\x64-tmp\debug\ntpd\binio.obj
d:\ntp\ports\winnt\vs2015\x64-tmp\debug\ntpd\clk_computime.obj
d:\ntp\ports\winnt\vs2015\x64-tmp\debug\ntpd\clk_dcf7000.obj
d:\ntp\ports\winnt\vs2015\x64-tmp\debug\ntpd\clk_hopf6021.obj
d:\ntp\ports\winnt\vs2015\x64-tmp\debug\ntpd\clk_meinberg.obj
d:\ntp\ports\winnt\vs2015\x64-tmp\debug\ntpd\clk_rawdcf.obj
d:\ntp\ports\winnt\vs2015\x64-tmp\debug\ntpd\clk_rcc8000.obj
d:\ntp\ports\winnt\vs2015\x64-tmp\debug\ntpd\clk_schmid.obj
d:\ntp\ports\winnt\vs2015\x64-tmp\debug\ntpd\clk_sel240x.obj
d:\ntp\ports\winnt\vs2015\x64-tmp\debug\ntpd\clk_trimtaip.obj
d:\ntp\ports\winnt\vs2015\x64-tmp\debug\ntpd\clk_trimtsip.obj
d:\ntp\ports\winnt\vs2015\x64-tmp\debug\ntpd\clk_varitext.obj
d:\ntp\ports\winnt\vs2015\x64-tmp\debug\ntpd\clk_wharton.obj
d:\ntp\ports\winnt\vs2015\x64-tmp\debug\ntpd\data_mbg.obj
d:\ntp\ports\winnt\vs2015\x64-tmp\debug\ntpd\gpstolfp.obj
d:\ntp\ports\winnt\vs2015\x64-tmp\debug\ntpd\ieee754io.obj
d:\ntp\ports\winnt\vs2015\x64-tmp\debug\ntpd\refclock_arc.sbr
d:\ntp\ports\winnt\vs2015\x64-tmp\debug\ntpd\refclock_arc.obj
d:\ntp\ntpd\ntp_keyword.h
d:\ntp\ntpd\keyword-gen-utd
d:\ntp\ports\winnt\vs2015\ntpd\scm-rev
d:\ntp\ports\winnt\vs2015\ntpd\version.c
d:\ntp\ports\winnt\vs2015\x64-tmp\debug\ntpd\ntpd.ilk
d:\ntp\ports\winnt\vs2015\x64-out\debug\ntpd.exe
d:\ntp\ports\winnt\vs2015\x64-out\debug\ntpd.pdb
d:\ntp\ports\winnt\vs2015\x64-out\debug\ntpd.lib
d:\ntp\ports\winnt\vs2015\x64-out\debug\ntpd.exp
d:\ntp\ports\winnt\vs2015\x64-out\debug\libcrypto-3-x64.dll
d:\ntp\ports\winnt\vs2015\x64-tmp\debug\ntpd\messages.res
d:\ntp\ports\winnt\vs2015\\x64-out\debug\ntpd.pdb
d:\ntp\ports\winnt\vs2015\\x64-tmp\debug\ntpd\ntpd.vcxproj.filelistabsolute.txt
d:\ntp\ports\winnt\vs2015\x64-tmp\debug\ntpd\ntpd.tlog\bscmake.command.1.tlog
d:\ntp\ports\winnt\vs2015\x64-tmp\debug\ntpd\ntpd.tlog\bscmake.read.1.tlog
d:\ntp\ports\winnt\vs2015\x64-tmp\debug\ntpd\ntpd.tlog\bscmake.write.1.tlog
d:\ntp\ports\winnt\vs2015\x64-tmp\debug\ntpd\ntpd.tlog\cl.command.1.tlog
d:\ntp\ports\winnt\vs2015\x64-tmp\debug\ntpd\ntpd.tlog\cl.read.1.tlog
d:\ntp\ports\winnt\vs2015\x64-tmp\debug\ntpd\ntpd.tlog\cl.write.1.tlog
d:\ntp\ports\winnt\vs2015\x64-tmp\debug\ntpd\ntpd.tlog\custombuild.command.1.tlog
d:\ntp\ports\winnt\vs2015\x64-tmp\debug\ntpd\ntpd.tlog\custombuild.read.1.tlog
d:\ntp\ports\winnt\vs2015\x64-tmp\debug\ntpd\ntpd.tlog\custombuild.write.1.tlog
d:\ntp\ports\winnt\vs2015\x64-tmp\debug\ntpd\ntpd.tlog\link.command.1.tlog
d:\ntp\ports\winnt\vs2015\x64-tmp\debug\ntpd\ntpd.tlog\link.read.1.tlog
d:\ntp\ports\winnt\vs2015\x64-tmp\debug\ntpd\ntpd.tlog\link.write.1.tlog
d:\ntp\ports\winnt\vs2015\x64-tmp\debug\ntpd\ntpd.tlog\ntpd.write.1u.tlog
d:\ntp\ports\winnt\vs2015\x64-tmp\debug\ntpd\ntpd.tlog\rc.command.1.tlog
d:\ntp\ports\winnt\vs2015\x64-tmp\debug\ntpd\ntpd.tlog\rc.read.1.tlog
d:\ntp\ports\winnt\vs2015\x64-tmp\debug\ntpd\ntpd.tlog\rc.write.1.tlog
