d:\ntp\ports\winnt\vs2015\x64-tmp\release\ntp-keygen\ntp-keygen.bsc
d:\ntp\ports\winnt\vs2015\x64-tmp\release\ntp-keygen\ntp-keygen.sbr
d:\ntp\ports\winnt\vs2015\x64-tmp\release\ntp-keygen\ntp-keygen.obj
d:\ntp\ports\winnt\vs2015\x64-tmp\release\ntp-keygen\ntp-keygen-opts.sbr
d:\ntp\ports\winnt\vs2015\x64-tmp\release\ntp-keygen\ntp-keygen-opts.obj
d:\ntp\ports\winnt\vs2015\x64-tmp\release\ntp-keygen\version.sbr
d:\ntp\ports\winnt\vs2015\x64-tmp\release\ntp-keygen\version.obj
d:\ntp\ports\winnt\vs2015\x64-tmp\release\ntp-keygen\vc143.pdb
d:\ntp\ports\winnt\vs2015\ntp-keygen\version.c
d:\ntp\ports\winnt\vs2015\x64-out\release\ntp-keygen.exe
d:\ntp\ports\winnt\vs2015\x64-out\release\ntp-keygen.pdb
d:\ntp\ports\winnt\vs2015\x64-tmp\release\ntp-keygen\ntp-keygen.iobj
d:\ntp\ports\winnt\vs2015\x64-out\release\ntp-keygen.lib
d:\ntp\ports\winnt\vs2015\x64-out\release\ntp-keygen.exp
d:\ntp\ports\winnt\vs2015\x64-out\release\libcrypto-3-x64.dll
d:\ntp\ports\winnt\vs2015\\x64-out\release\ntp-keygen.pdb
d:\ntp\ports\winnt\vs2015\\x64-tmp\release\ntp-keygen\ntp-keygen.vcxproj.filelistabsolute.txt
d:\ntp\ports\winnt\vs2015\x64-tmp\release\ntp-keygen\ntp-keygen.tlog\bscmake.command.1.tlog
d:\ntp\ports\winnt\vs2015\x64-tmp\release\ntp-keygen\ntp-keygen.tlog\bscmake.read.1.tlog
d:\ntp\ports\winnt\vs2015\x64-tmp\release\ntp-keygen\ntp-keygen.tlog\bscmake.write.1.tlog
d:\ntp\ports\winnt\vs2015\x64-tmp\release\ntp-keygen\ntp-keygen.tlog\cl.10488.write.1.tlog
d:\ntp\ports\winnt\vs2015\x64-tmp\release\ntp-keygen\ntp-keygen.tlog\cl.command.1.tlog
d:\ntp\ports\winnt\vs2015\x64-tmp\release\ntp-keygen\ntp-keygen.tlog\cl.read.1.tlog
d:\ntp\ports\winnt\vs2015\x64-tmp\release\ntp-keygen\ntp-keygen.tlog\custombuild.command.1.tlog
d:\ntp\ports\winnt\vs2015\x64-tmp\release\ntp-keygen\ntp-keygen.tlog\custombuild.read.1.tlog
d:\ntp\ports\winnt\vs2015\x64-tmp\release\ntp-keygen\ntp-keygen.tlog\custombuild.write.1.tlog
d:\ntp\ports\winnt\vs2015\x64-tmp\release\ntp-keygen\ntp-keygen.tlog\link.command.1.tlog
d:\ntp\ports\winnt\vs2015\x64-tmp\release\ntp-keygen\ntp-keygen.tlog\link.read.1.tlog
d:\ntp\ports\winnt\vs2015\x64-tmp\release\ntp-keygen\ntp-keygen.tlog\link.write.1.tlog
d:\ntp\ports\winnt\vs2015\x64-tmp\release\ntp-keygen\ntp-keygen.tlog\ntp-keygen.write.1u.tlog
