d:\ntp\ports\winnt\vs2015\win32-out\debug\ntpd.lib
d:\ntp\ports\winnt\vs2015\win32-out\debug\ntpd.exp
d:\ntp\ports\winnt\vs2015\win32-out\debug\libcrypto-3.dll
d:\ntp\ports\winnt\vs2015\win32-tmp\debug\ntpd\binio.obj
d:\ntp\ports\winnt\vs2015\win32-tmp\debug\ntpd\clk_computime.obj
d:\ntp\ports\winnt\vs2015\win32-tmp\debug\ntpd\clk_dcf7000.obj
d:\ntp\ports\winnt\vs2015\win32-tmp\debug\ntpd\clk_hopf6021.obj
d:\ntp\ports\winnt\vs2015\win32-tmp\debug\ntpd\clk_meinberg.obj
d:\ntp\ports\winnt\vs2015\win32-tmp\debug\ntpd\clk_rawdcf.obj
d:\ntp\ports\winnt\vs2015\win32-tmp\debug\ntpd\clk_rcc8000.obj
d:\ntp\ports\winnt\vs2015\win32-tmp\debug\ntpd\clk_schmid.obj
d:\ntp\ports\winnt\vs2015\win32-tmp\debug\ntpd\clk_sel240x.obj
d:\ntp\ports\winnt\vs2015\win32-tmp\debug\ntpd\clk_trimtaip.obj
d:\ntp\ports\winnt\vs2015\win32-tmp\debug\ntpd\clk_trimtsip.obj
d:\ntp\ports\winnt\vs2015\win32-tmp\debug\ntpd\clk_varitext.obj
d:\ntp\ports\winnt\vs2015\win32-tmp\debug\ntpd\clk_wharton.obj
d:\ntp\ports\winnt\vs2015\win32-tmp\debug\ntpd\cmd_args.obj
d:\ntp\ports\winnt\vs2015\win32-tmp\debug\ntpd\data_mbg.obj
d:\ntp\ports\winnt\vs2015\win32-tmp\debug\ntpd\gpstolfp.obj
d:\ntp\ports\winnt\vs2015\win32-tmp\debug\ntpd\hopf_pci_io.obj
d:\ntp\ports\winnt\vs2015\win32-tmp\debug\ntpd\ieee754io.obj
d:\ntp\ports\winnt\vs2015\win32-tmp\debug\ntpd\info_trimble.obj
d:\ntp\ports\winnt\vs2015\win32-tmp\debug\ntpd\mfp_mul.obj
d:\ntp\ports\winnt\vs2015\win32-tmp\debug\ntpd\ntpd-opts.obj
d:\ntp\ports\winnt\vs2015\win32-tmp\debug\ntpd\ntpd.obj
d:\ntp\ports\winnt\vs2015\win32-tmp\debug\ntpd\ntpsim.obj
d:\ntp\ports\winnt\vs2015\win32-tmp\debug\ntpd\ntp_clockdev.obj
d:\ntp\ports\winnt\vs2015\win32-tmp\debug\ntpd\ntp_config.obj
d:\ntp\ports\winnt\vs2015\win32-tmp\debug\ntpd\ntp_control.obj
d:\ntp\ports\winnt\vs2015\win32-tmp\debug\ntpd\ntp_crypto.obj
d:\ntp\ports\winnt\vs2015\win32-tmp\debug\ntpd\ntp_filegen.obj
d:\ntp\ports\winnt\vs2015\win32-tmp\debug\ntpd\ntp_io.obj
d:\ntp\ports\winnt\vs2015\win32-tmp\debug\ntpd\ntp_iocompletionport.obj
d:\ntp\ports\winnt\vs2015\win32-tmp\debug\ntpd\ntp_iocplmem.obj
d:\ntp\ports\winnt\vs2015\win32-tmp\debug\ntpd\ntp_iocpltypes.obj
d:\ntp\ports\winnt\vs2015\win32-tmp\debug\ntpd\ntp_leapsec.obj
d:\ntp\ports\winnt\vs2015\win32-tmp\debug\ntpd\ntp_loopfilter.obj
d:\ntp\ports\winnt\vs2015\win32-tmp\debug\ntpd\ntp_monitor.obj
d:\ntp\ports\winnt\vs2015\win32-tmp\debug\ntpd\ntp_nts.obj
d:\ntp\ports\winnt\vs2015\win32-tmp\debug\ntpd\ntp_parser.obj
d:\ntp\ports\winnt\vs2015\win32-tmp\debug\ntpd\ntp_peer.obj
d:\ntp\ports\winnt\vs2015\win32-tmp\debug\ntpd\ntp_ppsdev.obj
d:\ntp\ports\winnt\vs2015\win32-tmp\debug\ntpd\ntp_proto.obj
d:\ntp\ports\winnt\vs2015\win32-tmp\debug\ntpd\ntp_refclock.obj
d:\ntp\ports\winnt\vs2015\win32-tmp\debug\ntpd\ntp_request.obj
d:\ntp\ports\winnt\vs2015\win32-tmp\debug\ntpd\ntp_restrict.obj
d:\ntp\ports\winnt\vs2015\win32-tmp\debug\ntpd\ntp_scanner.obj
d:\ntp\ports\winnt\vs2015\win32-tmp\debug\ntpd\ntp_signd.obj
d:\ntp\ports\winnt\vs2015\win32-tmp\debug\ntpd\ntp_timer.obj
d:\ntp\ports\winnt\vs2015\win32-tmp\debug\ntpd\ntp_util.obj
d:\ntp\ports\winnt\vs2015\win32-tmp\debug\ntpd\ntservice.obj
d:\ntp\ports\winnt\vs2015\win32-tmp\debug\ntpd\nt_clockstuff.obj
d:\ntp\ports\winnt\vs2015\win32-tmp\debug\ntpd\nt_ppsimpl.obj
d:\ntp\ports\winnt\vs2015\win32-tmp\debug\ntpd\parse.obj
d:\ntp\ports\winnt\vs2015\win32-tmp\debug\ntpd\parse_conf.obj
d:\ntp\ports\winnt\vs2015\win32-tmp\debug\ntpd\rc_cmdlength.obj
d:\ntp\ports\winnt\vs2015\win32-tmp\debug\ntpd\refclock_acts.obj
d:\ntp\ports\winnt\vs2015\win32-tmp\debug\ntpd\refclock_arbiter.obj
d:\ntp\ports\winnt\vs2015\win32-tmp\debug\ntpd\refclock_arc.obj
d:\ntp\ports\winnt\vs2015\win32-tmp\debug\ntpd\refclock_as2201.obj
d:\ntp\ports\winnt\vs2015\win32-tmp\debug\ntpd\refclock_atom.obj
d:\ntp\ports\winnt\vs2015\win32-tmp\debug\ntpd\refclock_bancomm.obj
d:\ntp\ports\winnt\vs2015\win32-tmp\debug\ntpd\refclock_chronolog.obj
d:\ntp\ports\winnt\vs2015\win32-tmp\debug\ntpd\refclock_chu.obj
d:\ntp\ports\winnt\vs2015\win32-tmp\debug\ntpd\refclock_conf.obj
d:\ntp\ports\winnt\vs2015\win32-tmp\debug\ntpd\refclock_datum.obj
d:\ntp\ports\winnt\vs2015\win32-tmp\debug\ntpd\refclock_dumbclock.obj
d:\ntp\ports\winnt\vs2015\win32-tmp\debug\ntpd\refclock_fg.obj
d:\ntp\ports\winnt\vs2015\win32-tmp\debug\ntpd\refclock_gpsdjson.obj
d:\ntp\ports\winnt\vs2015\win32-tmp\debug\ntpd\refclock_gpsvme.obj
d:\ntp\ports\winnt\vs2015\win32-tmp\debug\ntpd\refclock_heath.obj
d:\ntp\ports\winnt\vs2015\win32-tmp\debug\ntpd\refclock_hopfpci.obj
d:\ntp\ports\winnt\vs2015\win32-tmp\debug\ntpd\refclock_hopfser.obj
d:\ntp\ports\winnt\vs2015\win32-tmp\debug\ntpd\refclock_hpgps.obj
d:\ntp\ports\winnt\vs2015\win32-tmp\debug\ntpd\refclock_irig.obj
d:\ntp\ports\winnt\vs2015\win32-tmp\debug\ntpd\refclock_jjy.obj
d:\ntp\ports\winnt\vs2015\win32-tmp\debug\ntpd\refclock_jupiter.obj
d:\ntp\ports\winnt\vs2015\win32-tmp\debug\ntpd\refclock_leitch.obj
d:\ntp\ports\winnt\vs2015\win32-tmp\debug\ntpd\refclock_local.obj
d:\ntp\ports\winnt\vs2015\win32-tmp\debug\ntpd\refclock_msfees.obj
d:\ntp\ports\winnt\vs2015\win32-tmp\debug\ntpd\refclock_mx4200.obj
d:\ntp\ports\winnt\vs2015\win32-tmp\debug\ntpd\refclock_neoclock4x.obj
d:\ntp\ports\winnt\vs2015\win32-tmp\debug\ntpd\refclock_nmea.obj
d:\ntp\ports\winnt\vs2015\win32-tmp\debug\ntpd\refclock_oncore.obj
d:\ntp\ports\winnt\vs2015\win32-tmp\debug\ntpd\refclock_palisade.obj
d:\ntp\ports\winnt\vs2015\win32-tmp\debug\ntpd\refclock_parse.obj
d:\ntp\ports\winnt\vs2015\win32-tmp\debug\ntpd\refclock_pcf.obj
d:\ntp\ports\winnt\vs2015\win32-tmp\debug\ntpd\refclock_pst.obj
d:\ntp\ports\winnt\vs2015\win32-tmp\debug\ntpd\refclock_ripencc.obj
d:\ntp\ports\winnt\vs2015\win32-tmp\debug\ntpd\refclock_shm.obj
d:\ntp\ports\winnt\vs2015\win32-tmp\debug\ntpd\refclock_tpro.obj
d:\ntp\ports\winnt\vs2015\win32-tmp\debug\ntpd\refclock_true.obj
d:\ntp\ports\winnt\vs2015\win32-tmp\debug\ntpd\refclock_tsyncpci.obj
d:\ntp\ports\winnt\vs2015\win32-tmp\debug\ntpd\refclock_tt560.obj
d:\ntp\ports\winnt\vs2015\win32-tmp\debug\ntpd\refclock_ulink.obj
d:\ntp\ports\winnt\vs2015\win32-tmp\debug\ntpd\refclock_wwv.obj
d:\ntp\ports\winnt\vs2015\win32-tmp\debug\ntpd\refclock_wwvb.obj
d:\ntp\ports\winnt\vs2015\win32-tmp\debug\ntpd\refclock_zyfer.obj
d:\ntp\ports\winnt\vs2015\win32-tmp\debug\ntpd\trim_info.obj
d:\ntp\ports\winnt\vs2015\win32-tmp\debug\ntpd\version.obj
d:\ntp\ports\winnt\vs2015\win32-tmp\debug\ntpd\ntpd.ilk
d:\ntp\ports\winnt\vs2015\win32-tmp\debug\ntpd\messages.res
d:\ntp\ports\winnt\vs2015\win32-tmp\debug\ntpd\vc143.pdb
d:\ntp\ports\winnt\vs2015\\win32-out\debug\ntpd.pdb
d:\ntp\ports\winnt\vs2015\win32-out\debug\ntpd.exe
d:\ntp\ports\winnt\vs2015\\win32-tmp\debug\ntpd\ntpd.vcxproj.filelistabsolute.txt
d:\ntp\ports\winnt\vs2015\win32-tmp\debug\ntpd\ntpd.tlog\cl.command.1.tlog
d:\ntp\ports\winnt\vs2015\win32-tmp\debug\ntpd\ntpd.tlog\link.command.1.tlog
d:\ntp\ports\winnt\vs2015\win32-tmp\debug\ntpd\ntpd.tlog\ntpd.write.1u.tlog
d:\ntp\ports\winnt\vs2015\win32-tmp\debug\ntpd\ntpd.tlog\rc.command.1.tlog
