d:\ntp-stable-dlh-260328\ports\winnt\vs2015\win32-tmp\debug\ntpdate\vc142.pdb
d:\ntp-stable-dlh-260328\ports\winnt\vs2015\win32-tmp\debug\ntpdate\vc142.idb
d:\ntp-stable-dlh-260328\ports\winnt\vs2015\win32-tmp\debug\ntpdate\version.sbr
d:\ntp-stable-dlh-260328\ports\winnt\vs2015\win32-tmp\debug\ntpdate\version.obj
d:\ntp\ports\winnt\vs2015\win32-tmp\debug\ntpdate\vc143.pdb
d:\ntp-stable-dlh-260328\ports\winnt\vs2015\ntpdate\scm-rev
d:\ntp-stable-dlh-260328\ports\winnt\vs2015\ntpdate\version.c
d:\ntp\ports\winnt\vs2015\win32-out\debug\ntpdate.lib
d:\ntp\ports\winnt\vs2015\win32-out\debug\ntpdate.exp
d:\ntp\ports\winnt\vs2015\win32-out\debug\libcrypto-3.dll
d:\ntp\ports\winnt\vs2015\win32-tmp\debug\ntpdate\ntpdate.obj
d:\ntp\ports\winnt\vs2015\win32-tmp\debug\ntpdate\version.obj
d:\ntp\ports\winnt\vs2015\win32-tmp\debug\ntpdate\ntpdate.ilk
d:\ntp\ports\winnt\vs2015\win32-tmp\debug\ntpdate\vc142.idb
d:\ntp\ports\winnt\vs2015\win32-tmp\debug\ntpdate\vc142.pdb
d:\ntp\ports\winnt\vs2015\win32-tmp\debug\ntpdate\version.sbr
d:\ntp\ports\winnt\vs2015\\win32-out\debug\ntpdate.pdb
d:\ntp\ports\winnt\vs2015\win32-out\debug\ntpdate.exe
d:\ntp\ports\winnt\vs2015\\win32-tmp\debug\ntpdate\ntpdate.vcxproj.filelistabsolute.txt
d:\ntp\ports\winnt\vs2015\win32-tmp\debug\ntpdate\ntpdate.tlog\cl.command.1.tlog
d:\ntp\ports\winnt\vs2015\win32-tmp\debug\ntpdate\ntpdate.tlog\cl.read.1.tlog
d:\ntp\ports\winnt\vs2015\win32-tmp\debug\ntpdate\ntpdate.tlog\cl.write.1.tlog
d:\ntp\ports\winnt\vs2015\win32-tmp\debug\ntpdate\ntpdate.tlog\custombuild.command.1.tlog
d:\ntp\ports\winnt\vs2015\win32-tmp\debug\ntpdate\ntpdate.tlog\custombuild.read.1.tlog
d:\ntp\ports\winnt\vs2015\win32-tmp\debug\ntpdate\ntpdate.tlog\custombuild.write.1.tlog
d:\ntp\ports\winnt\vs2015\win32-tmp\debug\ntpdate\ntpdate.tlog\link.command.1.tlog
d:\ntp\ports\winnt\vs2015\win32-tmp\debug\ntpdate\ntpdate.tlog\ntpdate.write.1u.tlog
