d:\ntp\ports\winnt\vs2015\x64-tmp\release\ntpdc\ntpdc.bsc
d:\ntp\ports\winnt\vs2015\x64-tmp\release\ntpdc\ntpdc.sbr
d:\ntp\ports\winnt\vs2015\x64-tmp\release\ntpdc\ntpdc.obj
d:\ntp\ports\winnt\vs2015\x64-tmp\release\ntpdc\version.sbr
d:\ntp\ports\winnt\vs2015\x64-tmp\release\ntpdc\version.obj
d:\ntp\ports\winnt\vs2015\x64-tmp\release\ntpdc\ntpdc-opts.sbr
d:\ntp\ports\winnt\vs2015\x64-tmp\release\ntpdc\ntpdc-opts.obj
d:\ntp\ports\winnt\vs2015\x64-tmp\release\ntpdc\ntpdc_ops.sbr
d:\ntp\ports\winnt\vs2015\x64-tmp\release\ntpdc\ntpdc_ops.obj
d:\ntp\ports\winnt\vs2015\x64-tmp\release\ntpdc\vc143.pdb
d:\ntp\ports\winnt\vs2015\ntpdc\version.c
d:\ntp\ports\winnt\vs2015\x64-out\release\ntpdc.exe
d:\ntp\ports\winnt\vs2015\x64-out\release\ntpdc.pdb
d:\ntp\ports\winnt\vs2015\x64-tmp\release\ntpdc\ntpdc.iobj
d:\ntp\ports\winnt\vs2015\x64-out\release\ntpdc.lib
d:\ntp\ports\winnt\vs2015\x64-out\release\ntpdc.exp
d:\ntp\ports\winnt\vs2015\x64-out\release\libcrypto-3-x64.dll
d:\ntp\ports\winnt\vs2015\\x64-out\release\ntpdc.pdb
d:\ntp\ports\winnt\vs2015\\x64-tmp\release\ntpdc\ntpdc.vcxproj.filelistabsolute.txt
d:\ntp\ports\winnt\vs2015\x64-tmp\release\ntpdc\ntpdc.tlog\bscmake.command.1.tlog
d:\ntp\ports\winnt\vs2015\x64-tmp\release\ntpdc\ntpdc.tlog\bscmake.read.1.tlog
d:\ntp\ports\winnt\vs2015\x64-tmp\release\ntpdc\ntpdc.tlog\bscmake.write.1.tlog
d:\ntp\ports\winnt\vs2015\x64-tmp\release\ntpdc\ntpdc.tlog\cl.11020.write.1.tlog
d:\ntp\ports\winnt\vs2015\x64-tmp\release\ntpdc\ntpdc.tlog\cl.command.1.tlog
d:\ntp\ports\winnt\vs2015\x64-tmp\release\ntpdc\ntpdc.tlog\cl.read.1.tlog
d:\ntp\ports\winnt\vs2015\x64-tmp\release\ntpdc\ntpdc.tlog\custombuild.command.1.tlog
d:\ntp\ports\winnt\vs2015\x64-tmp\release\ntpdc\ntpdc.tlog\custombuild.read.1.tlog
d:\ntp\ports\winnt\vs2015\x64-tmp\release\ntpdc\ntpdc.tlog\custombuild.write.1.tlog
d:\ntp\ports\winnt\vs2015\x64-tmp\release\ntpdc\ntpdc.tlog\link.command.1.tlog
d:\ntp\ports\winnt\vs2015\x64-tmp\release\ntpdc\ntpdc.tlog\link.read.1.tlog
d:\ntp\ports\winnt\vs2015\x64-tmp\release\ntpdc\ntpdc.tlog\link.write.1.tlog
d:\ntp\ports\winnt\vs2015\x64-tmp\release\ntpdc\ntpdc.tlog\ntpdc.write.1u.tlog
