d:\ntp\ports\winnt\vs2015\x64-tmp\release\loopback-ppsapi-provider\loopback-ppsapi-provider.bsc
d:\ntp\ports\winnt\vs2015\x64-tmp\release\loopback-ppsapi-provider\vc143.pdb
d:\ntp\ports\winnt\vs2015\x64-tmp\release\loopback-ppsapi-provider\loopback-ppsapi.sbr
d:\ntp\ports\winnt\vs2015\x64-tmp\release\loopback-ppsapi-provider\loopback-ppsapi.obj
d:\ntp\ports\winnt\vs2015\x64-out\release\loopback-ppsapi-provider.dll
d:\ntp\ports\winnt\vs2015\x64-out\release\loopback-ppsapi-provider.pdb
d:\ntp\ports\winnt\vs2015\x64-tmp\release\loopback-ppsapi-provider\loopback-ppsapi-provider.iobj
d:\ntp\ports\winnt\vs2015\x64-out\release\loopback-ppsapi-provider.lib
d:\ntp\ports\winnt\vs2015\x64-out\release\loopback-ppsapi-provider.exp
d:\ntp\ports\winnt\vs2015\\x64-out\release\loopback-ppsapi-provider.pdb
d:\ntp\ports\winnt\vs2015\\x64-tmp\release\loopback-ppsapi-provider\loopback-ppsapi-provider.vcxproj.filelistabsolute.txt
d:\ntp\ports\winnt\vs2015\x64-tmp\release\loopback-ppsapi-provider\loopback.1ace209d.tlog\bscmake.command.1.tlog
d:\ntp\ports\winnt\vs2015\x64-tmp\release\loopback-ppsapi-provider\loopback.1ace209d.tlog\bscmake.read.1.tlog
d:\ntp\ports\winnt\vs2015\x64-tmp\release\loopback-ppsapi-provider\loopback.1ace209d.tlog\bscmake.write.1.tlog
d:\ntp\ports\winnt\vs2015\x64-tmp\release\loopback-ppsapi-provider\loopback.1ace209d.tlog\cl.command.1.tlog
d:\ntp\ports\winnt\vs2015\x64-tmp\release\loopback-ppsapi-provider\loopback.1ace209d.tlog\cl.read.1.tlog
d:\ntp\ports\winnt\vs2015\x64-tmp\release\loopback-ppsapi-provider\loopback.1ace209d.tlog\cl.write.1.tlog
d:\ntp\ports\winnt\vs2015\x64-tmp\release\loopback-ppsapi-provider\loopback.1ace209d.tlog\link.command.1.tlog
d:\ntp\ports\winnt\vs2015\x64-tmp\release\loopback-ppsapi-provider\loopback.1ace209d.tlog\link.read.1.tlog
d:\ntp\ports\winnt\vs2015\x64-tmp\release\loopback-ppsapi-provider\loopback.1ace209d.tlog\link.write.1.tlog
d:\ntp\ports\winnt\vs2015\x64-tmp\release\loopback-ppsapi-provider\loopback.1ace209d.tlog\loopback-ppsapi-provider.write.1u.tlog
