d:\ntp\ports\winnt\vs2015\x64-tmp\debug\ntpdc\ntpdc.bsc
d:\ntp\ports\winnt\vs2015\x64-tmp\debug\ntpdc\vc143.pdb
d:\ntp\ports\winnt\vs2015\x64-tmp\debug\ntpdc\vc143.idb
d:\ntp\ports\winnt\vs2015\x64-tmp\debug\ntpdc\version.sbr
d:\ntp\ports\winnt\vs2015\x64-tmp\debug\ntpdc\ntpdc_ops.sbr
d:\ntp\ports\winnt\vs2015\x64-tmp\debug\ntpdc\ntpdc.sbr
d:\ntp\ports\winnt\vs2015\x64-tmp\debug\ntpdc\ntpdc-opts.sbr
d:\ntp\ports\winnt\vs2015\x64-tmp\debug\ntpdc\ntpdc-opts.obj
d:\ntp\ports\winnt\vs2015\x64-tmp\debug\ntpdc\ntpdc.obj
d:\ntp\ports\winnt\vs2015\x64-tmp\debug\ntpdc\ntpdc_ops.obj
d:\ntp\ports\winnt\vs2015\x64-tmp\debug\ntpdc\version.obj
d:\ntp\ports\winnt\vs2015\ntpdc\scm-rev
d:\ntp\ports\winnt\vs2015\ntpdc\version.c
d:\ntp\ports\winnt\vs2015\x64-tmp\debug\ntpdc\ntpdc.ilk
d:\ntp\ports\winnt\vs2015\x64-out\debug\ntpdc.exe
d:\ntp\ports\winnt\vs2015\x64-out\debug\ntpdc.pdb
d:\ntp\ports\winnt\vs2015\x64-out\debug\ntpdc.lib
d:\ntp\ports\winnt\vs2015\x64-out\debug\ntpdc.exp
d:\ntp\ports\winnt\vs2015\x64-out\debug\libcrypto-3-x64.dll
d:\ntp\ports\winnt\vs2015\\x64-out\debug\ntpdc.pdb
d:\ntp\ports\winnt\vs2015\\x64-tmp\debug\ntpdc\ntpdc.vcxproj.filelistabsolute.txt
d:\ntp\ports\winnt\vs2015\x64-tmp\debug\ntpdc\ntpdc.tlog\bscmake.command.1.tlog
d:\ntp\ports\winnt\vs2015\x64-tmp\debug\ntpdc\ntpdc.tlog\bscmake.read.1.tlog
d:\ntp\ports\winnt\vs2015\x64-tmp\debug\ntpdc\ntpdc.tlog\bscmake.write.1.tlog
d:\ntp\ports\winnt\vs2015\x64-tmp\debug\ntpdc\ntpdc.tlog\cl.command.1.tlog
d:\ntp\ports\winnt\vs2015\x64-tmp\debug\ntpdc\ntpdc.tlog\cl.read.1.tlog
d:\ntp\ports\winnt\vs2015\x64-tmp\debug\ntpdc\ntpdc.tlog\cl.write.1.tlog
d:\ntp\ports\winnt\vs2015\x64-tmp\debug\ntpdc\ntpdc.tlog\custombuild.command.1.tlog
d:\ntp\ports\winnt\vs2015\x64-tmp\debug\ntpdc\ntpdc.tlog\custombuild.read.1.tlog
d:\ntp\ports\winnt\vs2015\x64-tmp\debug\ntpdc\ntpdc.tlog\custombuild.write.1.tlog
d:\ntp\ports\winnt\vs2015\x64-tmp\debug\ntpdc\ntpdc.tlog\link.command.1.tlog
d:\ntp\ports\winnt\vs2015\x64-tmp\debug\ntpdc\ntpdc.tlog\link.read.1.tlog
d:\ntp\ports\winnt\vs2015\x64-tmp\debug\ntpdc\ntpdc.tlog\link.write.1.tlog
d:\ntp\ports\winnt\vs2015\x64-tmp\debug\ntpdc\ntpdc.tlog\ntpdc.write.1u.tlog
