d:\ntp-stable-dlh-260328\ports\winnt\vs2015\win32-tmp\debug\libntp.pdb
d:\ntp-stable-dlh-260328\ports\winnt\vs2015\win32-tmp\debug\libntp.idb
d:\ntp-stable-dlh-260328\ports\winnt\vs2015\win32-tmp\debug\libntp\randfile.sbr
d:\ntp-stable-dlh-260328\ports\winnt\vs2015\win32-tmp\debug\libntp\libopts.sbr
d:\ntp-stable-dlh-260328\ports\winnt\vs2015\win32-tmp\debug\libntp\win32os.sbr
d:\ntp-stable-dlh-260328\ports\winnt\vs2015\win32-tmp\debug\libntp\time.sbr
d:\ntp-stable-dlh-260328\ports\winnt\vs2015\win32-tmp\debug\libntp\thread.sbr
d:\ntp-stable-dlh-260328\ports\winnt\vs2015\win32-tmp\debug\libntp\strerror.sbr
d:\ntp-stable-dlh-260328\ports\winnt\vs2015\win32-tmp\debug\libntp\stdtime.sbr
d:\ntp-stable-dlh-260328\ports\winnt\vs2015\win32-tmp\debug\libntp\once.sbr
d:\ntp-stable-dlh-260328\ports\winnt\vs2015\win32-tmp\debug\libntp\net.sbr
d:\ntp-stable-dlh-260328\ports\winnt\vs2015\win32-tmp\debug\libntp\condition.sbr
d:\ntp-stable-dlh-260328\ports\winnt\vs2015\win32-tmp\debug\libntp\tsmemcmp.sbr
d:\ntp-stable-dlh-260328\ports\winnt\vs2015\win32-tmp\debug\libntp\tsmemcmp.obj
d:\ntp-stable-dlh-260328\ports\winnt\vs2015\win32-tmp\debug\libntp\condition.obj
d:\ntp-stable-dlh-260328\ports\winnt\vs2015\win32-tmp\debug\libntp\net.obj
d:\ntp-stable-dlh-260328\ports\winnt\vs2015\win32-tmp\debug\libntp\once.obj
d:\ntp-stable-dlh-260328\ports\winnt\vs2015\win32-tmp\debug\libntp\stdtime.obj
d:\ntp-stable-dlh-260328\ports\winnt\vs2015\win32-tmp\debug\libntp\strerror.obj
d:\ntp-stable-dlh-260328\ports\winnt\vs2015\win32-tmp\debug\libntp\thread.obj
d:\ntp-stable-dlh-260328\ports\winnt\vs2015\win32-tmp\debug\libntp\time.obj
d:\ntp-stable-dlh-260328\ports\winnt\vs2015\win32-tmp\debug\libntp\win32os.obj
d:\ntp-stable-dlh-260328\ports\winnt\vs2015\win32-tmp\debug\libntp\libopts.obj
d:\ntp-stable-dlh-260328\ports\winnt\vs2015\win32-tmp\debug\libntp\randfile.obj
d:\ntp-stable-dlh-260328\ports\winnt\vs2015\win32-tmp\debug\libntp\sockaddr.sbr
d:\ntp-stable-dlh-260328\ports\winnt\vs2015\win32-tmp\debug\libntp\sha1.sbr
d:\ntp-stable-dlh-260328\ports\winnt\vs2015\win32-tmp\debug\libntp\ondestroy.sbr
d:\ntp-stable-dlh-260328\ports\winnt\vs2015\win32-tmp\debug\libntp\msgcat.sbr
d:\ntp-stable-dlh-260328\ports\winnt\vs2015\win32-tmp\debug\libntp\netscope.sbr
d:\ntp-stable-dlh-260328\ports\winnt\vs2015\win32-tmp\debug\libntp\md5.sbr
d:\ntp-stable-dlh-260328\ports\winnt\vs2015\win32-tmp\debug\libntp\inet_pton.sbr
d:\ntp-stable-dlh-260328\ports\winnt\vs2015\win32-tmp\debug\libntp\inet_ntop.sbr
d:\ntp-stable-dlh-260328\ports\winnt\vs2015\win32-tmp\debug\libntp\error.sbr
d:\ntp-stable-dlh-260328\ports\winnt\vs2015\win32-tmp\debug\libntp\backtrace.sbr
d:\ntp-stable-dlh-260328\ports\winnt\vs2015\win32-tmp\debug\libntp\backtrace-emptytbl.sbr
d:\ntp-stable-dlh-260328\ports\winnt\vs2015\win32-tmp\debug\libntp\assertions.sbr
d:\ntp-stable-dlh-260328\ports\winnt\vs2015\win32-tmp\debug\libntp\assertions.obj
d:\ntp-stable-dlh-260328\ports\winnt\vs2015\win32-tmp\debug\libntp\backtrace-emptytbl.obj
d:\ntp-stable-dlh-260328\ports\winnt\vs2015\win32-tmp\debug\libntp\backtrace.obj
d:\ntp-stable-dlh-260328\ports\winnt\vs2015\win32-tmp\debug\libntp\error.obj
d:\ntp-stable-dlh-260328\ports\winnt\vs2015\win32-tmp\debug\libntp\inet_ntop.obj
d:\ntp-stable-dlh-260328\ports\winnt\vs2015\win32-tmp\debug\libntp\inet_pton.obj
d:\ntp-stable-dlh-260328\ports\winnt\vs2015\win32-tmp\debug\libntp\md5.obj
d:\ntp-stable-dlh-260328\ports\winnt\vs2015\win32-tmp\debug\libntp\netscope.obj
d:\ntp-stable-dlh-260328\ports\winnt\vs2015\win32-tmp\debug\libntp\msgcat.obj
d:\ntp-stable-dlh-260328\ports\winnt\vs2015\win32-tmp\debug\libntp\ondestroy.obj
d:\ntp-stable-dlh-260328\ports\winnt\vs2015\win32-tmp\debug\libntp\sha1.obj
d:\ntp-stable-dlh-260328\ports\winnt\vs2015\win32-tmp\debug\libntp\sockaddr.obj
d:\ntp-stable-dlh-260328\ports\winnt\vs2015\win32-tmp\debug\libntp\work_fork.sbr
d:\ntp-stable-dlh-260328\ports\winnt\vs2015\win32-tmp\debug\libntp\vint64ops.sbr
d:\ntp-stable-dlh-260328\ports\winnt\vs2015\win32-tmp\debug\libntp\strdup.sbr
d:\ntp-stable-dlh-260328\ports\winnt\vs2015\win32-tmp\debug\libntp\snprintf.sbr
d:\ntp-stable-dlh-260328\ports\winnt\vs2015\win32-tmp\debug\libntp\snprintf.obj
d:\ntp-stable-dlh-260328\ports\winnt\vs2015\win32-tmp\debug\libntp\strdup.obj
d:\ntp-stable-dlh-260328\ports\winnt\vs2015\win32-tmp\debug\libntp\vint64ops.obj
d:\ntp-stable-dlh-260328\ports\winnt\vs2015\win32-tmp\debug\libntp\work_fork.obj
d:\ntp-stable-dlh-260328\ports\winnt\vs2015\win32-tmp\debug\libntp\ntp_random.sbr
d:\ntp-stable-dlh-260328\ports\winnt\vs2015\win32-tmp\debug\libntp\mktime.sbr
d:\ntp-stable-dlh-260328\ports\winnt\vs2015\win32-tmp\debug\libntp\mktime.obj
d:\ntp-stable-dlh-260328\ports\winnt\vs2015\win32-tmp\debug\libntp\ntp_random.obj
d:\ntp-stable-dlh-260328\ports\winnt\vs2015\win32-tmp\debug\libntp\caljulian.sbr
d:\ntp-stable-dlh-260328\ports\winnt\vs2015\win32-tmp\debug\libntp\caljulian.obj
d:\ntp-stable-dlh-260328\ports\winnt\vs2015\win32-tmp\debug\libntp\audio.sbr
d:\ntp-stable-dlh-260328\ports\winnt\vs2015\win32-tmp\debug\libntp\atolfp.sbr
d:\ntp-stable-dlh-260328\ports\winnt\vs2015\win32-tmp\debug\libntp\adjtime.sbr
d:\ntp-stable-dlh-260328\ports\winnt\vs2015\win32-tmp\debug\libntp\adjtime.obj
d:\ntp-stable-dlh-260328\ports\winnt\vs2015\win32-tmp\debug\libntp\atolfp.obj
d:\ntp-stable-dlh-260328\ports\winnt\vs2015\win32-tmp\debug\libntp\audio.obj
d:\ntp\ports\winnt\vs2015\win32-tmp\debug\libntp.pdb
d:\ntp\ports\winnt\libntp\messages.rc
d:\ntp\ports\winnt\libntp\messages.h
d:\ntp\ports\winnt\libntp\msg00001.bin
d:\ntp\ports\winnt\vs2015\win32-tmp\debug\libntp\adjtime.obj
d:\ntp\ports\winnt\vs2015\win32-tmp\debug\libntp\arc4wrap.obj
d:\ntp\ports\winnt\vs2015\win32-tmp\debug\libntp\assertions.obj
d:\ntp\ports\winnt\vs2015\win32-tmp\debug\libntp\atoint.obj
d:\ntp\ports\winnt\vs2015\win32-tmp\debug\libntp\atolfp.obj
d:\ntp\ports\winnt\vs2015\win32-tmp\debug\libntp\atouint.obj
d:\ntp\ports\winnt\vs2015\win32-tmp\debug\libntp\audio.obj
d:\ntp\ports\winnt\vs2015\win32-tmp\debug\libntp\authkeys.obj
d:\ntp\ports\winnt\vs2015\win32-tmp\debug\libntp\authreadkeys.obj
d:\ntp\ports\winnt\vs2015\win32-tmp\debug\libntp\authusekey.obj
d:\ntp\ports\winnt\vs2015\win32-tmp\debug\libntp\a_md5encrypt.obj
d:\ntp\ports\winnt\vs2015\win32-tmp\debug\libntp\backtrace-emptytbl.obj
d:\ntp\ports\winnt\vs2015\win32-tmp\debug\libntp\backtrace.obj
d:\ntp\ports\winnt\vs2015\win32-tmp\debug\libntp\buffer.obj
d:\ntp\ports\winnt\vs2015\win32-tmp\debug\libntp\buftvtots.obj
d:\ntp\ports\winnt\vs2015\win32-tmp\debug\libntp\caljulian.obj
d:\ntp\ports\winnt\vs2015\win32-tmp\debug\libntp\caltontp.obj
d:\ntp\ports\winnt\vs2015\win32-tmp\debug\libntp\calyearstart.obj
d:\ntp\ports\winnt\vs2015\win32-tmp\debug\libntp\clocktime.obj
d:\ntp\ports\winnt\vs2015\win32-tmp\debug\libntp\clocktypes.obj
d:\ntp\ports\winnt\vs2015\win32-tmp\debug\libntp\condition.obj
d:\ntp\ports\winnt\vs2015\win32-tmp\debug\libntp\decodenetnum.obj
d:\ntp\ports\winnt\vs2015\win32-tmp\debug\libntp\dofptoa.obj
d:\ntp\ports\winnt\vs2015\win32-tmp\debug\libntp\dolfptoa.obj
d:\ntp\ports\winnt\vs2015\win32-tmp\debug\libntp\emalloc.obj
d:\ntp\ports\winnt\vs2015\win32-tmp\debug\libntp\error.obj
d:\ntp\ports\winnt\vs2015\win32-tmp\debug\libntp\event.obj
d:\ntp\ports\winnt\vs2015\win32-tmp\debug\libntp\findconfig.obj
d:\ntp\ports\winnt\vs2015\win32-tmp\debug\libntp\getclock.obj
d:\ntp\ports\winnt\vs2015\win32-tmp\debug\libntp\getopt.obj
d:\ntp\ports\winnt\vs2015\win32-tmp\debug\libntp\hextoint.obj
d:\ntp\ports\winnt\vs2015\win32-tmp\debug\libntp\hextolfp.obj
d:\ntp\ports\winnt\vs2015\win32-tmp\debug\libntp\humandate.obj
d:\ntp\ports\winnt\vs2015\win32-tmp\debug\libntp\icom.obj
d:\ntp\ports\winnt\vs2015\win32-tmp\debug\libntp\inet_ntop.obj
d:\ntp\ports\winnt\vs2015\win32-tmp\debug\libntp\inet_pton.obj
d:\ntp\ports\winnt\vs2015\win32-tmp\debug\libntp\interfaceiter.obj
d:\ntp\ports\winnt\vs2015\win32-tmp\debug\libntp\iosignal.obj
d:\ntp\ports\winnt\vs2015\win32-tmp\debug\libntp\is_ip_address.obj
d:\ntp\ports\winnt\vs2015\win32-tmp\debug\libntp\lib.obj
d:\ntp\ports\winnt\vs2015\win32-tmp\debug\libntp\libopts.obj
d:\ntp\ports\winnt\vs2015\win32-tmp\debug\libntp\libssl_compat.obj
d:\ntp\ports\winnt\vs2015\win32-tmp\debug\libntp\lib_strbuf.obj
d:\ntp\ports\winnt\vs2015\win32-tmp\debug\libntp\log.obj
d:\ntp\ports\winnt\vs2015\win32-tmp\debug\libntp\machines.obj
d:\ntp\ports\winnt\vs2015\win32-tmp\debug\libntp\md5.obj
d:\ntp\ports\winnt\vs2015\win32-tmp\debug\libntp\mktime.obj
d:\ntp\ports\winnt\vs2015\win32-tmp\debug\libntp\modetoa.obj
d:\ntp\ports\winnt\vs2015\win32-tmp\debug\libntp\msgcat.obj
d:\ntp\ports\winnt\vs2015\win32-tmp\debug\libntp\mstolfp.obj
d:\ntp\ports\winnt\vs2015\win32-tmp\debug\libntp\msyslog.obj
d:\ntp\ports\winnt\vs2015\win32-tmp\debug\libntp\net.obj
d:\ntp\ports\winnt\vs2015\win32-tmp\debug\libntp\netaddr.obj
d:\ntp\ports\winnt\vs2015\win32-tmp\debug\libntp\netof.obj
d:\ntp\ports\winnt\vs2015\win32-tmp\debug\libntp\netscope.obj
d:\ntp\ports\winnt\vs2015\win32-tmp\debug\libntp\ntp_calendar.obj
d:\ntp\ports\winnt\vs2015\win32-tmp\debug\libntp\ntp_calgps.obj
d:\ntp\ports\winnt\vs2015\win32-tmp\debug\libntp\ntp_crypto_rnd.obj
d:\ntp\ports\winnt\vs2015\win32-tmp\debug\libntp\ntp_intres.obj
d:\ntp\ports\winnt\vs2015\win32-tmp\debug\libntp\ntp_libopts.obj
d:\ntp\ports\winnt\vs2015\win32-tmp\debug\libntp\ntp_lineedit.obj
d:\ntp\ports\winnt\vs2015\win32-tmp\debug\libntp\ntp_random.obj
d:\ntp\ports\winnt\vs2015\win32-tmp\debug\libntp\ntp_realpath.obj
d:\ntp\ports\winnt\vs2015\win32-tmp\debug\libntp\ntp_rfc2553.obj
d:\ntp\ports\winnt\vs2015\win32-tmp\debug\libntp\ntp_worker.obj
d:\ntp\ports\winnt\vs2015\win32-tmp\debug\libntp\numtoa.obj
d:\ntp\ports\winnt\vs2015\win32-tmp\debug\libntp\octtoint.obj
d:\ntp\ports\winnt\vs2015\win32-tmp\debug\libntp\once.obj
d:\ntp\ports\winnt\vs2015\win32-tmp\debug\libntp\ondestroy.obj
d:\ntp\ports\winnt\vs2015\win32-tmp\debug\libntp\prettydate.obj
d:\ntp\ports\winnt\vs2015\win32-tmp\debug\libntp\randfile.obj
d:\ntp\ports\winnt\vs2015\win32-tmp\debug\libntp\recvbuff.obj
d:\ntp\ports\winnt\vs2015\win32-tmp\debug\libntp\refnumtoa.obj
d:\ntp\ports\winnt\vs2015\win32-tmp\debug\libntp\setpriority.obj
d:\ntp\ports\winnt\vs2015\win32-tmp\debug\libntp\setsystemtime.obj
d:\ntp\ports\winnt\vs2015\win32-tmp\debug\libntp\sha1.obj
d:\ntp\ports\winnt\vs2015\win32-tmp\debug\libntp\snprintf.obj
d:\ntp\ports\winnt\vs2015\win32-tmp\debug\libntp\sockaddr.obj
d:\ntp\ports\winnt\vs2015\win32-tmp\debug\libntp\socket.obj
d:\ntp\ports\winnt\vs2015\win32-tmp\debug\libntp\socktoa.obj
d:\ntp\ports\winnt\vs2015\win32-tmp\debug\libntp\socktohost.obj
d:\ntp\ports\winnt\vs2015\win32-tmp\debug\libntp\ssl_init.obj
d:\ntp\ports\winnt\vs2015\win32-tmp\debug\libntp\statestr.obj
d:\ntp\ports\winnt\vs2015\win32-tmp\debug\libntp\stdtime.obj
d:\ntp\ports\winnt\vs2015\win32-tmp\debug\libntp\strdup.obj
d:\ntp\ports\winnt\vs2015\win32-tmp\debug\libntp\strerror.obj
d:\ntp\ports\winnt\vs2015\win32-tmp\debug\libntp\strl_obsd.obj
d:\ntp\ports\winnt\vs2015\win32-tmp\debug\libntp\syslog.obj
d:\ntp\ports\winnt\vs2015\win32-tmp\debug\libntp\syssignal.obj
d:\ntp\ports\winnt\vs2015\win32-tmp\debug\libntp\systime.obj
d:\ntp\ports\winnt\vs2015\win32-tmp\debug\libntp\task.obj
d:\ntp\ports\winnt\vs2015\win32-tmp\debug\libntp\termios.obj
d:\ntp\ports\winnt\vs2015\win32-tmp\debug\libntp\thread.obj
d:\ntp\ports\winnt\vs2015\win32-tmp\debug\libntp\time.obj
d:\ntp\ports\winnt\vs2015\win32-tmp\debug\libntp\timespecops.obj
d:\ntp\ports\winnt\vs2015\win32-tmp\debug\libntp\timetoa.obj
d:\ntp\ports\winnt\vs2015\win32-tmp\debug\libntp\timevalops.obj
d:\ntp\ports\winnt\vs2015\win32-tmp\debug\libntp\tsmemcmp.obj
d:\ntp\ports\winnt\vs2015\win32-tmp\debug\libntp\uglydate.obj
d:\ntp\ports\winnt\vs2015\win32-tmp\debug\libntp\util_clockstuff.obj
d:\ntp\ports\winnt\vs2015\win32-tmp\debug\libntp\vint64ops.obj
d:\ntp\ports\winnt\vs2015\win32-tmp\debug\libntp\win32os.obj
d:\ntp\ports\winnt\vs2015\win32-tmp\debug\libntp\win32_io.obj
d:\ntp\ports\winnt\vs2015\win32-tmp\debug\libntp\work_fork.obj
d:\ntp\ports\winnt\vs2015\win32-tmp\debug\libntp\work_thread.obj
d:\ntp\ports\winnt\vs2015\win32-tmp\debug\libntp\xsbprintf.obj
d:\ntp\ports\winnt\vs2015\win32-tmp\debug\libntp\ymd2yd.obj
d:\ntp\ports\winnt\vs2015\win32-tmp\debug\libntp\adjtime.sbr
d:\ntp\ports\winnt\vs2015\win32-tmp\debug\libntp\assertions.sbr
d:\ntp\ports\winnt\vs2015\win32-tmp\debug\libntp\atolfp.sbr
d:\ntp\ports\winnt\vs2015\win32-tmp\debug\libntp\audio.sbr
d:\ntp\ports\winnt\vs2015\win32-tmp\debug\libntp\backtrace-emptytbl.sbr
d:\ntp\ports\winnt\vs2015\win32-tmp\debug\libntp\backtrace.sbr
d:\ntp\ports\winnt\vs2015\win32-tmp\debug\libntp\caljulian.sbr
d:\ntp\ports\winnt\vs2015\win32-tmp\debug\libntp\condition.sbr
d:\ntp\ports\winnt\vs2015\win32-tmp\debug\libntp\error.sbr
d:\ntp\ports\winnt\vs2015\win32-tmp\debug\libntp\inet_ntop.sbr
d:\ntp\ports\winnt\vs2015\win32-tmp\debug\libntp\inet_pton.sbr
d:\ntp\ports\winnt\vs2015\win32-tmp\debug\libntp\libopts.sbr
d:\ntp\ports\winnt\vs2015\win32-tmp\debug\libntp\md5.sbr
d:\ntp\ports\winnt\vs2015\win32-tmp\debug\libntp\mktime.sbr
d:\ntp\ports\winnt\vs2015\win32-tmp\debug\libntp\msgcat.sbr
d:\ntp\ports\winnt\vs2015\win32-tmp\debug\libntp\net.sbr
d:\ntp\ports\winnt\vs2015\win32-tmp\debug\libntp\netscope.sbr
d:\ntp\ports\winnt\vs2015\win32-tmp\debug\libntp\ntp_random.sbr
d:\ntp\ports\winnt\vs2015\win32-tmp\debug\libntp\once.sbr
d:\ntp\ports\winnt\vs2015\win32-tmp\debug\libntp\ondestroy.sbr
d:\ntp\ports\winnt\vs2015\win32-tmp\debug\libntp\randfile.sbr
d:\ntp\ports\winnt\vs2015\win32-tmp\debug\libntp\sha1.sbr
d:\ntp\ports\winnt\vs2015\win32-tmp\debug\libntp\snprintf.sbr
d:\ntp\ports\winnt\vs2015\win32-tmp\debug\libntp\sockaddr.sbr
d:\ntp\ports\winnt\vs2015\win32-tmp\debug\libntp\stdtime.sbr
d:\ntp\ports\winnt\vs2015\win32-tmp\debug\libntp\strdup.sbr
d:\ntp\ports\winnt\vs2015\win32-tmp\debug\libntp\strerror.sbr
d:\ntp\ports\winnt\vs2015\win32-tmp\debug\libntp\termios.sbr
d:\ntp\ports\winnt\vs2015\win32-tmp\debug\libntp\thread.sbr
d:\ntp\ports\winnt\vs2015\win32-tmp\debug\libntp\time.sbr
d:\ntp\ports\winnt\vs2015\win32-tmp\debug\libntp\tsmemcmp.sbr
d:\ntp\ports\winnt\vs2015\win32-tmp\debug\libntp\util_clockstuff.sbr
d:\ntp\ports\winnt\vs2015\win32-tmp\debug\libntp\vint64ops.sbr
d:\ntp\ports\winnt\vs2015\win32-tmp\debug\libntp\win32os.sbr
d:\ntp\ports\winnt\vs2015\win32-tmp\debug\libntp\win32_io.sbr
d:\ntp\ports\winnt\vs2015\win32-tmp\debug\libntp\work_fork.sbr
d:\ntp\ports\winnt\vs2015\\win32-tmp\debug\libntp.pdb
d:\ntp\ports\winnt\vs2015\win32-tmp\debug\libntp.lib
d:\ntp\ports\winnt\vs2015\\win32-tmp\debug\libntp\libntp.vcxproj.filelistabsolute.txt
d:\ntp\ports\winnt\vs2015\win32-tmp\debug\libntp\libntp.tlog\cl.command.1.tlog
d:\ntp\ports\winnt\vs2015\win32-tmp\debug\libntp\libntp.tlog\cl.read.1.tlog
d:\ntp\ports\winnt\vs2015\win32-tmp\debug\libntp\libntp.tlog\cl.write.1.tlog
d:\ntp\ports\winnt\vs2015\win32-tmp\debug\libntp\libntp.tlog\custombuild.command.1.tlog
d:\ntp\ports\winnt\vs2015\win32-tmp\debug\libntp\libntp.tlog\custombuild.read.1.tlog
d:\ntp\ports\winnt\vs2015\win32-tmp\debug\libntp\libntp.tlog\custombuild.write.1.tlog
d:\ntp\ports\winnt\vs2015\win32-tmp\debug\libntp\libntp.tlog\lib.command.1.tlog
