d:\ntp\ports\winnt\vs2015\x64-tmp\release\libntp\libntp.bsc
d:\ntp\ports\winnt\vs2015\x64-tmp\release\libntp\adjtime.sbr
d:\ntp\ports\winnt\vs2015\x64-tmp\release\libntp\adjtime.obj
d:\ntp\ports\winnt\vs2015\x64-tmp\release\libntp\atolfp.sbr
d:\ntp\ports\winnt\vs2015\x64-tmp\release\libntp\atolfp.obj
d:\ntp\ports\winnt\vs2015\x64-tmp\release\libntp\audio.sbr
d:\ntp\ports\winnt\vs2015\x64-tmp\release\libntp\audio.obj
d:\ntp\ports\winnt\vs2015\x64-tmp\release\libntp\authreadkeys.sbr
d:\ntp\ports\winnt\vs2015\x64-tmp\release\libntp\authreadkeys.obj
d:\ntp\ports\winnt\vs2015\x64-tmp\release\libntp\a_md5encrypt.sbr
d:\ntp\ports\winnt\vs2015\x64-tmp\release\libntp\a_md5encrypt.obj
d:\ntp\ports\winnt\vs2015\x64-tmp\release\libntp\caljulian.sbr
d:\ntp\ports\winnt\vs2015\x64-tmp\release\libntp\caljulian.obj
d:\ntp\ports\winnt\vs2015\x64-tmp\release\libntp\calyearstart.sbr
d:\ntp\ports\winnt\vs2015\x64-tmp\release\libntp\calyearstart.obj
d:\ntp\ports\winnt\vs2015\x64-tmp\release\libntp\clocktypes.sbr
d:\ntp\ports\winnt\vs2015\x64-tmp\release\libntp\clocktypes.obj
d:\ntp\ports\winnt\vs2015\x64-tmp\release\libntp\dofptoa.sbr
d:\ntp\ports\winnt\vs2015\x64-tmp\release\libntp\dofptoa.obj
d:\ntp\ports\winnt\vs2015\x64-tmp\release\libntp\emalloc.sbr
d:\ntp\ports\winnt\vs2015\x64-tmp\release\libntp\emalloc.obj
d:\ntp\ports\winnt\vs2015\x64-tmp\release\libntp\getopt.sbr
d:\ntp\ports\winnt\vs2015\x64-tmp\release\libntp\getopt.obj
d:\ntp\ports\winnt\vs2015\x64-tmp\release\libntp\hextolfp.sbr
d:\ntp\ports\winnt\vs2015\x64-tmp\release\libntp\hextolfp.obj
d:\ntp\ports\winnt\vs2015\x64-tmp\release\libntp\icom.sbr
d:\ntp\ports\winnt\vs2015\x64-tmp\release\libntp\icom.obj
d:\ntp\ports\winnt\vs2015\x64-tmp\release\libntp\is_ip_address.sbr
d:\ntp\ports\winnt\vs2015\x64-tmp\release\libntp\is_ip_address.obj
d:\ntp\ports\winnt\vs2015\x64-tmp\release\libntp\lib_strbuf.sbr
d:\ntp\ports\winnt\vs2015\x64-tmp\release\libntp\lib_strbuf.obj
d:\ntp\ports\winnt\vs2015\x64-tmp\release\libntp\mktime.sbr
d:\ntp\ports\winnt\vs2015\x64-tmp\release\libntp\mktime.obj
d:\ntp\ports\winnt\vs2015\x64-tmp\release\libntp\mstolfp.sbr
d:\ntp\ports\winnt\vs2015\x64-tmp\release\libntp\mstolfp.obj
d:\ntp\ports\winnt\vs2015\x64-tmp\release\libntp\netof.sbr
d:\ntp\ports\winnt\vs2015\x64-tmp\release\libntp\netof.obj
d:\ntp\ports\winnt\vs2015\x64-tmp\release\libntp\ntp_calgps.sbr
d:\ntp\ports\winnt\vs2015\x64-tmp\release\libntp\ntp_calgps.obj
d:\ntp\ports\winnt\vs2015\x64-tmp\release\libntp\ntp_intres.sbr
d:\ntp\ports\winnt\vs2015\x64-tmp\release\libntp\ntp_intres.obj
d:\ntp\ports\winnt\vs2015\x64-tmp\release\libntp\ntp_lineedit.sbr
d:\ntp\ports\winnt\vs2015\x64-tmp\release\libntp\ntp_lineedit.obj
d:\ntp\ports\winnt\vs2015\x64-tmp\release\libntp\ntp_realpath.sbr
d:\ntp\ports\winnt\vs2015\x64-tmp\release\libntp\ntp_realpath.obj
d:\ntp\ports\winnt\vs2015\x64-tmp\release\libntp\ntp_worker.sbr
d:\ntp\ports\winnt\vs2015\x64-tmp\release\libntp\ntp_worker.obj
d:\ntp\ports\winnt\vs2015\x64-tmp\release\libntp\octtoint.sbr
d:\ntp\ports\winnt\vs2015\x64-tmp\release\libntp\octtoint.obj
d:\ntp\ports\winnt\vs2015\x64-tmp\release\libntp\recvbuff.sbr
d:\ntp\ports\winnt\vs2015\x64-tmp\release\libntp\recvbuff.obj
d:\ntp\ports\winnt\vs2015\x64-tmp\release\libntp\snprintf.sbr
d:\ntp\ports\winnt\vs2015\x64-tmp\release\libntp\snprintf.obj
d:\ntp\ports\winnt\vs2015\x64-tmp\release\libntp\socktoa.sbr
d:\ntp\ports\winnt\vs2015\x64-tmp\release\libntp\socktoa.obj
d:\ntp\ports\winnt\vs2015\x64-tmp\release\libntp\ssl_init.sbr
d:\ntp\ports\winnt\vs2015\x64-tmp\release\libntp\ssl_init.obj
d:\ntp\ports\winnt\vs2015\x64-tmp\release\libntp\strdup.sbr
d:\ntp\ports\winnt\vs2015\x64-tmp\release\libntp\strdup.obj
d:\ntp\ports\winnt\vs2015\x64-tmp\release\libntp\syssignal.sbr
d:\ntp\ports\winnt\vs2015\x64-tmp\release\libntp\syssignal.obj
d:\ntp\ports\winnt\vs2015\x64-tmp\release\libntp\timetoa.sbr
d:\ntp\ports\winnt\vs2015\x64-tmp\release\libntp\timetoa.obj
d:\ntp\ports\winnt\vs2015\x64-tmp\release\libntp\timespecops.sbr
d:\ntp\ports\winnt\vs2015\x64-tmp\release\libntp\timespecops.obj
d:\ntp\ports\winnt\vs2015\x64-tmp\release\libntp\vint64ops.sbr
d:\ntp\ports\winnt\vs2015\x64-tmp\release\libntp\vint64ops.obj
d:\ntp\ports\winnt\vs2015\x64-tmp\release\libntp\work_fork.sbr
d:\ntp\ports\winnt\vs2015\x64-tmp\release\libntp\work_fork.obj
d:\ntp\ports\winnt\vs2015\x64-tmp\release\libntp\xsbprintf.sbr
d:\ntp\ports\winnt\vs2015\x64-tmp\release\libntp\xsbprintf.obj
d:\ntp\ports\winnt\vs2015\x64-tmp\release\libntp\assertions.sbr
d:\ntp\ports\winnt\vs2015\x64-tmp\release\libntp\assertions.obj
d:\ntp\ports\winnt\vs2015\x64-tmp\release\libntp\backtrace.sbr
d:\ntp\ports\winnt\vs2015\x64-tmp\release\libntp\backtrace.obj
d:\ntp\ports\winnt\vs2015\x64-tmp\release\libntp\error.sbr
d:\ntp\ports\winnt\vs2015\x64-tmp\release\libntp\error.obj
d:\ntp\ports\winnt\vs2015\x64-tmp\release\libntp\inet_ntop.sbr
d:\ntp\ports\winnt\vs2015\x64-tmp\release\libntp\inet_ntop.obj
d:\ntp\ports\winnt\vs2015\x64-tmp\release\libntp\lib.sbr
d:\ntp\ports\winnt\vs2015\x64-tmp\release\libntp\lib.obj
d:\ntp\ports\winnt\vs2015\x64-tmp\release\libntp\md5.sbr
d:\ntp\ports\winnt\vs2015\x64-tmp\release\libntp\md5.obj
d:\ntp\ports\winnt\vs2015\x64-tmp\release\libntp\netscope.sbr
d:\ntp\ports\winnt\vs2015\x64-tmp\release\libntp\netscope.obj
d:\ntp\ports\winnt\vs2015\x64-tmp\release\libntp\ondestroy.sbr
d:\ntp\ports\winnt\vs2015\x64-tmp\release\libntp\ondestroy.obj
d:\ntp\ports\winnt\vs2015\x64-tmp\release\libntp\sockaddr.sbr
d:\ntp\ports\winnt\vs2015\x64-tmp\release\libntp\sockaddr.obj
d:\ntp\ports\winnt\vs2015\x64-tmp\release\libntp\tsmemcmp.sbr
d:\ntp\ports\winnt\vs2015\x64-tmp\release\libntp\tsmemcmp.obj
d:\ntp\ports\winnt\vs2015\x64-tmp\release\libntp\interfaceiter.sbr
d:\ntp\ports\winnt\vs2015\x64-tmp\release\libntp\interfaceiter.obj
d:\ntp\ports\winnt\vs2015\x64-tmp\release\libntp\once.sbr
d:\ntp\ports\winnt\vs2015\x64-tmp\release\libntp\once.obj
d:\ntp\ports\winnt\vs2015\x64-tmp\release\libntp\strerror.sbr
d:\ntp\ports\winnt\vs2015\x64-tmp\release\libntp\strerror.obj
d:\ntp\ports\winnt\vs2015\x64-tmp\release\libntp\time.sbr
d:\ntp\ports\winnt\vs2015\x64-tmp\release\libntp\time.obj
d:\ntp\ports\winnt\vs2015\x64-tmp\release\libntp\libopts.sbr
d:\ntp\ports\winnt\vs2015\x64-tmp\release\libntp\libopts.obj
d:\ntp\ports\winnt\vs2015\x64-tmp\release\libntp\getclock.sbr
d:\ntp\ports\winnt\vs2015\x64-tmp\release\libntp\getclock.obj
d:\ntp\ports\winnt\vs2015\x64-tmp\release\libntp\setpriority.sbr
d:\ntp\ports\winnt\vs2015\x64-tmp\release\libntp\setpriority.obj
d:\ntp\ports\winnt\vs2015\x64-tmp\release\libntp\syslog.sbr
d:\ntp\ports\winnt\vs2015\x64-tmp\release\libntp\syslog.obj
d:\ntp\ports\winnt\vs2015\x64-tmp\release\libntp\util_clockstuff.sbr
d:\ntp\ports\winnt\vs2015\x64-tmp\release\libntp\util_clockstuff.obj
d:\ntp\ports\winnt\vs2015\x64-tmp\release\libntp\atoint.sbr
d:\ntp\ports\winnt\vs2015\x64-tmp\release\libntp\atoint.obj
d:\ntp\ports\winnt\vs2015\x64-tmp\release\libntp\atouint.sbr
d:\ntp\ports\winnt\vs2015\x64-tmp\release\libntp\atouint.obj
d:\ntp\ports\winnt\vs2015\x64-tmp\release\libntp\authkeys.sbr
d:\ntp\ports\winnt\vs2015\x64-tmp\release\libntp\authkeys.obj
d:\ntp\ports\winnt\vs2015\x64-tmp\release\libntp\authusekey.sbr
d:\ntp\ports\winnt\vs2015\x64-tmp\release\libntp\authusekey.obj
d:\ntp\ports\winnt\vs2015\x64-tmp\release\libntp\buftvtots.sbr
d:\ntp\ports\winnt\vs2015\x64-tmp\release\libntp\buftvtots.obj
d:\ntp\ports\winnt\vs2015\x64-tmp\release\libntp\caltontp.sbr
d:\ntp\ports\winnt\vs2015\x64-tmp\release\libntp\caltontp.obj
d:\ntp\ports\winnt\vs2015\x64-tmp\release\libntp\clocktime.sbr
d:\ntp\ports\winnt\vs2015\x64-tmp\release\libntp\clocktime.obj
d:\ntp\ports\winnt\vs2015\x64-tmp\release\libntp\decodenetnum.sbr
d:\ntp\ports\winnt\vs2015\x64-tmp\release\libntp\decodenetnum.obj
d:\ntp\ports\winnt\vs2015\x64-tmp\release\libntp\dolfptoa.sbr
d:\ntp\ports\winnt\vs2015\x64-tmp\release\libntp\dolfptoa.obj
d:\ntp\ports\winnt\vs2015\x64-tmp\release\libntp\findconfig.sbr
d:\ntp\ports\winnt\vs2015\x64-tmp\release\libntp\findconfig.obj
d:\ntp\ports\winnt\vs2015\x64-tmp\release\libntp\hextoint.sbr
d:\ntp\ports\winnt\vs2015\x64-tmp\release\libntp\hextoint.obj
d:\ntp\ports\winnt\vs2015\x64-tmp\release\libntp\humandate.sbr
d:\ntp\ports\winnt\vs2015\x64-tmp\release\libntp\humandate.obj
d:\ntp\ports\winnt\vs2015\x64-tmp\release\libntp\iosignal.sbr
d:\ntp\ports\winnt\vs2015\x64-tmp\release\libntp\iosignal.obj
d:\ntp\ports\winnt\vs2015\x64-tmp\release\libntp\libssl_compat.sbr
d:\ntp\ports\winnt\vs2015\x64-tmp\release\libntp\libssl_compat.obj
d:\ntp\ports\winnt\vs2015\x64-tmp\release\libntp\machines.sbr
d:\ntp\ports\winnt\vs2015\x64-tmp\release\libntp\machines.obj
d:\ntp\ports\winnt\vs2015\x64-tmp\release\libntp\modetoa.sbr
d:\ntp\ports\winnt\vs2015\x64-tmp\release\libntp\modetoa.obj
d:\ntp\ports\winnt\vs2015\x64-tmp\release\libntp\msyslog.sbr
d:\ntp\ports\winnt\vs2015\x64-tmp\release\libntp\msyslog.obj
d:\ntp\ports\winnt\vs2015\x64-tmp\release\libntp\ntp_calendar.sbr
d:\ntp\ports\winnt\vs2015\x64-tmp\release\libntp\ntp_calendar.obj
d:\ntp\ports\winnt\vs2015\x64-tmp\release\libntp\ntp_crypto_rnd.sbr
d:\ntp\ports\winnt\vs2015\x64-tmp\release\libntp\ntp_crypto_rnd.obj
d:\ntp\ports\winnt\vs2015\x64-tmp\release\libntp\ntp_libopts.sbr
d:\ntp\ports\winnt\vs2015\x64-tmp\release\libntp\ntp_libopts.obj
d:\ntp\ports\winnt\vs2015\x64-tmp\release\libntp\ntp_random.sbr
d:\ntp\ports\winnt\vs2015\x64-tmp\release\libntp\ntp_random.obj
d:\ntp\ports\winnt\vs2015\x64-tmp\release\libntp\ntp_rfc2553.sbr
d:\ntp\ports\winnt\vs2015\x64-tmp\release\libntp\ntp_rfc2553.obj
d:\ntp\ports\winnt\vs2015\x64-tmp\release\libntp\numtoa.sbr
d:\ntp\ports\winnt\vs2015\x64-tmp\release\libntp\numtoa.obj
d:\ntp\ports\winnt\vs2015\x64-tmp\release\libntp\prettydate.sbr
d:\ntp\ports\winnt\vs2015\x64-tmp\release\libntp\prettydate.obj
d:\ntp\ports\winnt\vs2015\x64-tmp\release\libntp\refnumtoa.sbr
d:\ntp\ports\winnt\vs2015\x64-tmp\release\libntp\refnumtoa.obj
d:\ntp\ports\winnt\vs2015\x64-tmp\release\libntp\socket.sbr
d:\ntp\ports\winnt\vs2015\x64-tmp\release\libntp\socket.obj
d:\ntp\ports\winnt\vs2015\x64-tmp\release\libntp\socktohost.sbr
d:\ntp\ports\winnt\vs2015\x64-tmp\release\libntp\socktohost.obj
d:\ntp\ports\winnt\vs2015\x64-tmp\release\libntp\statestr.sbr
d:\ntp\ports\winnt\vs2015\x64-tmp\release\libntp\statestr.obj
d:\ntp\ports\winnt\vs2015\x64-tmp\release\libntp\strl_obsd.sbr
d:\ntp\ports\winnt\vs2015\x64-tmp\release\libntp\strl_obsd.obj
d:\ntp\ports\winnt\vs2015\x64-tmp\release\libntp\systime.sbr
d:\ntp\ports\winnt\vs2015\x64-tmp\release\libntp\systime.obj
d:\ntp\ports\winnt\vs2015\x64-tmp\release\libntp\timevalops.sbr
d:\ntp\ports\winnt\vs2015\x64-tmp\release\libntp\timevalops.obj
d:\ntp\ports\winnt\vs2015\x64-tmp\release\libntp\uglydate.sbr
d:\ntp\ports\winnt\vs2015\x64-tmp\release\libntp\uglydate.obj
d:\ntp\ports\winnt\vs2015\x64-tmp\release\libntp\work_thread.sbr
d:\ntp\ports\winnt\vs2015\x64-tmp\release\libntp\work_thread.obj
d:\ntp\ports\winnt\vs2015\x64-tmp\release\libntp\ymd2yd.sbr
d:\ntp\ports\winnt\vs2015\x64-tmp\release\libntp\ymd2yd.obj
d:\ntp\ports\winnt\vs2015\x64-tmp\release\libntp\backtrace-emptytbl.sbr
d:\ntp\ports\winnt\vs2015\x64-tmp\release\libntp\backtrace-emptytbl.obj
d:\ntp\ports\winnt\vs2015\x64-tmp\release\libntp\buffer.sbr
d:\ntp\ports\winnt\vs2015\x64-tmp\release\libntp\buffer.obj
d:\ntp\ports\winnt\vs2015\x64-tmp\release\libntp\event.sbr
d:\ntp\ports\winnt\vs2015\x64-tmp\release\libntp\event.obj
d:\ntp\ports\winnt\vs2015\x64-tmp\release\libntp\inet_pton.sbr
d:\ntp\ports\winnt\vs2015\x64-tmp\release\libntp\inet_pton.obj
d:\ntp\ports\winnt\vs2015\x64-tmp\release\libntp\log.sbr
d:\ntp\ports\winnt\vs2015\x64-tmp\release\libntp\log.obj
d:\ntp\ports\winnt\vs2015\x64-tmp\release\libntp\netaddr.sbr
d:\ntp\ports\winnt\vs2015\x64-tmp\release\libntp\netaddr.obj
d:\ntp\ports\winnt\vs2015\x64-tmp\release\libntp\msgcat.sbr
d:\ntp\ports\winnt\vs2015\x64-tmp\release\libntp\msgcat.obj
d:\ntp\ports\winnt\vs2015\x64-tmp\release\libntp\sha1.sbr
d:\ntp\ports\winnt\vs2015\x64-tmp\release\libntp\sha1.obj
d:\ntp\ports\winnt\vs2015\x64-tmp\release\libntp\task.sbr
d:\ntp\ports\winnt\vs2015\x64-tmp\release\libntp\task.obj
d:\ntp\ports\winnt\vs2015\x64-tmp\release\libntp\condition.sbr
d:\ntp\ports\winnt\vs2015\x64-tmp\release\libntp\condition.obj
d:\ntp\ports\winnt\vs2015\x64-tmp\release\libntp\net.sbr
d:\ntp\ports\winnt\vs2015\x64-tmp\release\libntp\net.obj
d:\ntp\ports\winnt\vs2015\x64-tmp\release\libntp\stdtime.sbr
d:\ntp\ports\winnt\vs2015\x64-tmp\release\libntp\stdtime.obj
d:\ntp\ports\winnt\vs2015\x64-tmp\release\libntp\thread.sbr
d:\ntp\ports\winnt\vs2015\x64-tmp\release\libntp\thread.obj
d:\ntp\ports\winnt\vs2015\x64-tmp\release\libntp\win32os.sbr
d:\ntp\ports\winnt\vs2015\x64-tmp\release\libntp\win32os.obj
d:\ntp\ports\winnt\vs2015\x64-tmp\release\libntp\arc4wrap.sbr
d:\ntp\ports\winnt\vs2015\x64-tmp\release\libntp\arc4wrap.obj
d:\ntp\ports\winnt\vs2015\x64-tmp\release\libntp\randfile.sbr
d:\ntp\ports\winnt\vs2015\x64-tmp\release\libntp\randfile.obj
d:\ntp\ports\winnt\vs2015\x64-tmp\release\libntp\setsystemtime.sbr
d:\ntp\ports\winnt\vs2015\x64-tmp\release\libntp\setsystemtime.obj
d:\ntp\ports\winnt\vs2015\x64-tmp\release\libntp\termios.sbr
d:\ntp\ports\winnt\vs2015\x64-tmp\release\libntp\termios.obj
d:\ntp\ports\winnt\vs2015\x64-tmp\release\libntp\win32_io.sbr
d:\ntp\ports\winnt\vs2015\x64-tmp\release\libntp\win32_io.obj
d:\ntp\ports\winnt\vs2015\x64-tmp\release\libntp.pdb
d:\ntp\ports\winnt\libntp\messages.rc
d:\ntp\ports\winnt\libntp\messages.h
d:\ntp\ports\winnt\libntp\msg00001.bin
d:\ntp\ports\winnt\vs2015\x64-tmp\release\libntp.lib
d:\ntp\ports\winnt\vs2015\\x64-tmp\release\libntp.pdb
d:\ntp\ports\winnt\vs2015\\x64-tmp\release\libntp\libntp.vcxproj.filelistabsolute.txt
d:\ntp\ports\winnt\vs2015\x64-tmp\release\libntp\libntp.tlog\bscmake.command.1.tlog
d:\ntp\ports\winnt\vs2015\x64-tmp\release\libntp\libntp.tlog\bscmake.read.1.tlog
d:\ntp\ports\winnt\vs2015\x64-tmp\release\libntp\libntp.tlog\bscmake.write.1.tlog
d:\ntp\ports\winnt\vs2015\x64-tmp\release\libntp\libntp.tlog\cl.13704.write.1.tlog
d:\ntp\ports\winnt\vs2015\x64-tmp\release\libntp\libntp.tlog\cl.command.1.tlog
d:\ntp\ports\winnt\vs2015\x64-tmp\release\libntp\libntp.tlog\cl.read.1.tlog
d:\ntp\ports\winnt\vs2015\x64-tmp\release\libntp\libntp.tlog\custombuild.command.1.tlog
d:\ntp\ports\winnt\vs2015\x64-tmp\release\libntp\libntp.tlog\custombuild.read.1.tlog
d:\ntp\ports\winnt\vs2015\x64-tmp\release\libntp\libntp.tlog\custombuild.write.1.tlog
d:\ntp\ports\winnt\vs2015\x64-tmp\release\libntp\libntp.tlog\lib-link.read.1.tlog
d:\ntp\ports\winnt\vs2015\x64-tmp\release\libntp\libntp.tlog\lib-link.write.1.tlog
d:\ntp\ports\winnt\vs2015\x64-tmp\release\libntp\libntp.tlog\lib.command.1.tlog
