d:\ntp\ports\winnt\vs2015\x64-tmp\release\ntpdate\ntpdate.bsc
d:\ntp\ports\winnt\vs2015\x64-tmp\release\ntpdate\version.sbr
d:\ntp\ports\winnt\vs2015\x64-tmp\release\ntpdate\version.obj
d:\ntp\ports\winnt\vs2015\x64-tmp\release\ntpdate\ntpdate.sbr
d:\ntp\ports\winnt\vs2015\x64-tmp\release\ntpdate\ntpdate.obj
d:\ntp\ports\winnt\vs2015\x64-tmp\release\ntpdate\vc143.pdb
d:\ntp\ports\winnt\vs2015\ntpdate\version.c
d:\ntp\ports\winnt\vs2015\x64-out\release\ntpdate.exe
d:\ntp\ports\winnt\vs2015\x64-out\release\ntpdate.pdb
d:\ntp\ports\winnt\vs2015\x64-tmp\release\ntpdate\ntpdate.iobj
d:\ntp\ports\winnt\vs2015\x64-out\release\ntpdate.lib
d:\ntp\ports\winnt\vs2015\x64-out\release\ntpdate.exp
d:\ntp\ports\winnt\vs2015\x64-out\release\libcrypto-3-x64.dll
d:\ntp\ports\winnt\vs2015\\x64-out\release\ntpdate.pdb
d:\ntp\ports\winnt\vs2015\\x64-tmp\release\ntpdate\ntpdate.vcxproj.filelistabsolute.txt
d:\ntp\ports\winnt\vs2015\x64-tmp\release\ntpdate\ntpdate.tlog\bscmake.command.1.tlog
d:\ntp\ports\winnt\vs2015\x64-tmp\release\ntpdate\ntpdate.tlog\bscmake.read.1.tlog
d:\ntp\ports\winnt\vs2015\x64-tmp\release\ntpdate\ntpdate.tlog\bscmake.write.1.tlog
d:\ntp\ports\winnt\vs2015\x64-tmp\release\ntpdate\ntpdate.tlog\cl.13480.write.1.tlog
d:\ntp\ports\winnt\vs2015\x64-tmp\release\ntpdate\ntpdate.tlog\cl.command.1.tlog
d:\ntp\ports\winnt\vs2015\x64-tmp\release\ntpdate\ntpdate.tlog\cl.read.1.tlog
d:\ntp\ports\winnt\vs2015\x64-tmp\release\ntpdate\ntpdate.tlog\custombuild.command.1.tlog
d:\ntp\ports\winnt\vs2015\x64-tmp\release\ntpdate\ntpdate.tlog\custombuild.read.1.tlog
d:\ntp\ports\winnt\vs2015\x64-tmp\release\ntpdate\ntpdate.tlog\custombuild.write.1.tlog
d:\ntp\ports\winnt\vs2015\x64-tmp\release\ntpdate\ntpdate.tlog\link.command.1.tlog
d:\ntp\ports\winnt\vs2015\x64-tmp\release\ntpdate\ntpdate.tlog\link.read.1.tlog
d:\ntp\ports\winnt\vs2015\x64-tmp\release\ntpdate\ntpdate.tlog\link.write.1.tlog
d:\ntp\ports\winnt\vs2015\x64-tmp\release\ntpdate\ntpdate.tlog\ntpdate.write.1u.tlog
